Archive member included because of file (symbol)

c:/winavr-20100110/bin/../lib/gcc/avr/4.3.3/avr5\libgcc.a(_mulsi3.o)
                              ./MCAL/TIMER/TIMER_program.o (__mulsi3)
c:/winavr-20100110/bin/../lib/gcc/avr/4.3.3/avr5\libgcc.a(_udivmodhi4.o)
                              ./MCAL/TIMER/TIMER_program.o (__udivmodhi4)
c:/winavr-20100110/bin/../lib/gcc/avr/4.3.3/avr5\libgcc.a(_udivmodsi4.o)
                              ./MCAL/uart/UART_program.o (__udivmodsi4)
c:/winavr-20100110/bin/../lib/gcc/avr/4.3.3/avr5\libgcc.a(_divmodsi4.o)
                              ./HAL/LCD/LCD_HAL_program.o (__divmodsi4)
c:/winavr-20100110/bin/../lib/gcc/avr/4.3.3/avr5\libgcc.a(_exit.o)
                              c:/winavr-20100110/bin/../lib/gcc/avr/4.3.3/../../../../avr/lib/avr5/crtm32.o (exit)
c:/winavr-20100110/bin/../lib/gcc/avr/4.3.3/avr5\libgcc.a(_copy_data.o)
                              ./MCAL/EXTI/EXTI_config.o (__do_copy_data)
c:/winavr-20100110/bin/../lib/gcc/avr/4.3.3/avr5\libgcc.a(_clear_bss.o)
                              ./MCAL/TIMER/TIMER_program.o (__do_clear_bss)
c:/winavr-20100110/bin/../lib/gcc/avr/4.3.3/avr5\libgcc.a(_fixunssfsi.o)
                              ./MCAL/TIMER/TIMER_program.o (__fixunssfsi)
c:/winavr-20100110/bin/../lib/gcc/avr/4.3.3/avr5\libgcc.a(_addsub_sf.o)
                              ./MCAL/TIMER/TIMER_program.o (__subsf3)
c:/winavr-20100110/bin/../lib/gcc/avr/4.3.3/avr5\libgcc.a(_mul_sf.o)
                              ./MCAL/TIMER/TIMER_program.o (__mulsf3)
c:/winavr-20100110/bin/../lib/gcc/avr/4.3.3/avr5\libgcc.a(_div_sf.o)
                              ./MCAL/TIMER/TIMER_program.o (__divsf3)
c:/winavr-20100110/bin/../lib/gcc/avr/4.3.3/avr5\libgcc.a(_ne_sf.o)
                              ./MCAL/TIMER/TIMER_program.o (__nesf2)
c:/winavr-20100110/bin/../lib/gcc/avr/4.3.3/avr5\libgcc.a(_gt_sf.o)
                              ./MCAL/ADC/ADC_program.o (__gtsf2)
c:/winavr-20100110/bin/../lib/gcc/avr/4.3.3/avr5\libgcc.a(_ge_sf.o)
                              c:/winavr-20100110/bin/../lib/gcc/avr/4.3.3/avr5\libgcc.a(_fixunssfsi.o) (__gesf2)
c:/winavr-20100110/bin/../lib/gcc/avr/4.3.3/avr5\libgcc.a(_lt_sf.o)
                              ./MCAL/ADC/ADC_program.o (__ltsf2)
c:/winavr-20100110/bin/../lib/gcc/avr/4.3.3/avr5\libgcc.a(_sf_to_si.o)
                              c:/winavr-20100110/bin/../lib/gcc/avr/4.3.3/avr5\libgcc.a(_fixunssfsi.o) (__fixsfsi)
c:/winavr-20100110/bin/../lib/gcc/avr/4.3.3/avr5\libgcc.a(_thenan_sf.o)
                              c:/winavr-20100110/bin/../lib/gcc/avr/4.3.3/avr5\libgcc.a(_addsub_sf.o) (__thenan_sf)
c:/winavr-20100110/bin/../lib/gcc/avr/4.3.3/avr5\libgcc.a(_usi_to_sf.o)
                              ./MCAL/TIMER/TIMER_program.o (__floatunsisf)
c:/winavr-20100110/bin/../lib/gcc/avr/4.3.3/avr5\libgcc.a(_prologue.o)
                              c:/winavr-20100110/bin/../lib/gcc/avr/4.3.3/avr5\libgcc.a(_addsub_sf.o) (__prologue_saves__)
c:/winavr-20100110/bin/../lib/gcc/avr/4.3.3/avr5\libgcc.a(_epilogue.o)
                              c:/winavr-20100110/bin/../lib/gcc/avr/4.3.3/avr5\libgcc.a(_addsub_sf.o) (__epilogue_restores__)
c:/winavr-20100110/bin/../lib/gcc/avr/4.3.3/avr5\libgcc.a(_clzsi2.o)
                              c:/winavr-20100110/bin/../lib/gcc/avr/4.3.3/avr5\libgcc.a(_usi_to_sf.o) (__clzsi2)
c:/winavr-20100110/bin/../lib/gcc/avr/4.3.3/avr5\libgcc.a(_pack_sf.o)
                              c:/winavr-20100110/bin/../lib/gcc/avr/4.3.3/avr5\libgcc.a(_addsub_sf.o) (__pack_f)
c:/winavr-20100110/bin/../lib/gcc/avr/4.3.3/avr5\libgcc.a(_unpack_sf.o)
                              c:/winavr-20100110/bin/../lib/gcc/avr/4.3.3/avr5\libgcc.a(_addsub_sf.o) (__unpack_f)
c:/winavr-20100110/bin/../lib/gcc/avr/4.3.3/avr5\libgcc.a(_fpcmp_parts_sf.o)
                              c:/winavr-20100110/bin/../lib/gcc/avr/4.3.3/avr5\libgcc.a(_ne_sf.o) (__fpcmp_parts_f)
c:/winavr-20100110/bin/../lib/gcc/avr/4.3.3/avr5\libgcc.a(_clz.o)
                              c:/winavr-20100110/bin/../lib/gcc/avr/4.3.3/avr5\libgcc.a(_clzsi2.o) (__clz_tab)
c:/winavr-20100110/bin/../lib/gcc/avr/4.3.3/../../../../avr/lib/avr5\libc.a(round.o)
                              ./MCAL/TIMER/TIMER_program.o (round)
c:/winavr-20100110/bin/../lib/gcc/avr/4.3.3/../../../../avr/lib/avr5\libc.a(fp_mintl.o)
                              c:/winavr-20100110/bin/../lib/gcc/avr/4.3.3/../../../../avr/lib/avr5\libc.a(round.o) (__fp_mintl)
c:/winavr-20100110/bin/../lib/gcc/avr/4.3.3/../../../../avr/lib/avr5\libc.a(fp_mpack.o)
                              c:/winavr-20100110/bin/../lib/gcc/avr/4.3.3/../../../../avr/lib/avr5\libc.a(round.o) (__fp_mpack)
c:/winavr-20100110/bin/../lib/gcc/avr/4.3.3/../../../../avr/lib/avr5\libc.a(fp_split3.o)
                              c:/winavr-20100110/bin/../lib/gcc/avr/4.3.3/../../../../avr/lib/avr5\libc.a(round.o) (__fp_splitA)
c:/winavr-20100110/bin/../lib/gcc/avr/4.3.3/../../../../avr/lib/avr5\libc.a(fp_zero.o)
                              c:/winavr-20100110/bin/../lib/gcc/avr/4.3.3/../../../../avr/lib/avr5\libc.a(round.o) (__fp_szero)

Memory Configuration

Name             Origin             Length             Attributes
text             0x00000000         0x00020000         xr
data             0x00800060         0x0000ffa0         rw !x
eeprom           0x00810000         0x00010000         rw !x
fuse             0x00820000         0x00000400         rw !x
lock             0x00830000         0x00000400         rw !x
signature        0x00840000         0x00000400         rw !x
*default*        0x00000000         0xffffffff

Linker script and memory map

LOAD c:/winavr-20100110/bin/../lib/gcc/avr/4.3.3/../../../../avr/lib/avr5/crtm32.o
LOAD ./MCAL/uart/UART_program.o
LOAD ./MCAL/TWI/TWI_program.o
LOAD ./MCAL/TIMER/TIMER_program.o
LOAD ./MCAL/SPI/SPI_program.o
LOAD ./MCAL/GIE/GIE_program.o
LOAD ./MCAL/EXTI/EXTI_config.o
LOAD ./MCAL/EXTI/EXTI_program.o
LOAD ./MCAL/DIO/DIO_program.o
LOAD ./MCAL/ADC/ADC_program.o
LOAD ./HAL/ultraSonic/ultraSonic_program.o
LOAD ./HAL/servoMotor/servo_program.o
LOAD ./HAL/keypad/keypad_HAL_program.o
LOAD ./HAL/LED/LED_Program.o
LOAD ./HAL/LCD/LCD_HAL_program.o
LOAD ./HAL/GLCDKS0108/GLCDKS0108_program.o
LOAD ./HAL/EEPROM/EEPROM_program.o
LOAD ./HAL/BUZZER/BUZZER_Program.o
LOAD ./main.o
LOAD c:/winavr-20100110/bin/../lib/gcc/avr/4.3.3/avr5\libgcc.a
LOAD c:/winavr-20100110/bin/../lib/gcc/avr/4.3.3/../../../../avr/lib/avr5\libc.a
LOAD c:/winavr-20100110/bin/../lib/gcc/avr/4.3.3/avr5\libgcc.a

.hash
 *(.hash)

.dynsym
 *(.dynsym)

.dynstr
 *(.dynstr)

.gnu.version
 *(.gnu.version)

.gnu.version_d
 *(.gnu.version_d)

.gnu.version_r
 *(.gnu.version_r)

.rel.init
 *(.rel.init)

.rela.init
 *(.rela.init)

.rel.text
 *(.rel.text)
 *(.rel.text.*)
 *(.rel.gnu.linkonce.t*)

.rela.text
 *(.rela.text)
 *(.rela.text.*)
 *(.rela.gnu.linkonce.t*)

.rel.fini
 *(.rel.fini)

.rela.fini
 *(.rela.fini)

.rel.rodata
 *(.rel.rodata)
 *(.rel.rodata.*)
 *(.rel.gnu.linkonce.r*)

.rela.rodata
 *(.rela.rodata)
 *(.rela.rodata.*)
 *(.rela.gnu.linkonce.r*)

.rel.data
 *(.rel.data)
 *(.rel.data.*)
 *(.rel.gnu.linkonce.d*)

.rela.data
 *(.rela.data)
 *(.rela.data.*)
 *(.rela.gnu.linkonce.d*)

.rel.ctors
 *(.rel.ctors)

.rela.ctors
 *(.rela.ctors)

.rel.dtors
 *(.rel.dtors)

.rela.dtors
 *(.rela.dtors)

.rel.got
 *(.rel.got)

.rela.got
 *(.rela.got)

.rel.bss
 *(.rel.bss)

.rela.bss
 *(.rela.bss)

.rel.plt
 *(.rel.plt)

.rela.plt
 *(.rela.plt)

.text           0x00000000     0x5f1e
 *(.vectors)
 .vectors       0x00000000       0x54 c:/winavr-20100110/bin/../lib/gcc/avr/4.3.3/../../../../avr/lib/avr5/crtm32.o
                0x00000000                __vectors
                0x00000000                __vector_default
 *(.vectors)
 *(.progmem.gcc*)
 *(.progmem*)
 .progmem.data  0x00000054      0x1e0 ./HAL/GLCDKS0108/GLCDKS0108_program.o
                0x00000054                GLCD_CharacterSet
                0x00000234                . = ALIGN (0x2)
                0x00000234                __trampolines_start = .
 *(.trampolines)
 .trampolines   0x00000234        0x0 linker stubs
 *(.trampolines*)
                0x00000234                __trampolines_end = .
 *(.jumptables)
 *(.jumptables*)
 *(.lowtext)
 *(.lowtext*)
                0x00000234                __ctors_start = .
 *(.ctors)
                0x00000234                __ctors_end = .
                0x00000234                __dtors_start = .
 *(.dtors)
                0x00000234                __dtors_end = .
 SORT(*)(.ctors)
 SORT(*)(.dtors)
 *(.init0)
 .init0         0x00000234        0x0 c:/winavr-20100110/bin/../lib/gcc/avr/4.3.3/../../../../avr/lib/avr5/crtm32.o
                0x00000234                __init
 *(.init0)
 *(.init1)
 *(.init1)
 *(.init2)
 .init2         0x00000234        0xc c:/winavr-20100110/bin/../lib/gcc/avr/4.3.3/../../../../avr/lib/avr5/crtm32.o
 *(.init2)
 *(.init3)
 *(.init3)
 *(.init4)
 .init4         0x00000240       0x16 c:/winavr-20100110/bin/../lib/gcc/avr/4.3.3/avr5\libgcc.a(_copy_data.o)
                0x00000240                __do_copy_data
 .init4         0x00000256       0x10 c:/winavr-20100110/bin/../lib/gcc/avr/4.3.3/avr5\libgcc.a(_clear_bss.o)
                0x00000256                __do_clear_bss
 *(.init4)
 *(.init5)
 *(.init5)
 *(.init6)
 *(.init6)
 *(.init7)
 *(.init7)
 *(.init8)
 *(.init8)
 *(.init9)
 .init9         0x00000266        0x8 c:/winavr-20100110/bin/../lib/gcc/avr/4.3.3/../../../../avr/lib/avr5/crtm32.o
 *(.init9)
 *(.text)
 .text          0x0000026e        0x4 c:/winavr-20100110/bin/../lib/gcc/avr/4.3.3/../../../../avr/lib/avr5/crtm32.o
                0x0000026e                __vector_12
                0x0000026e                __bad_interrupt
                0x0000026e                __vector_6
                0x0000026e                __vector_13
                0x0000026e                __vector_17
                0x0000026e                __vector_19
                0x0000026e                __vector_15
                0x0000026e                __vector_8
                0x0000026e                __vector_14
                0x0000026e                __vector_18
                0x0000026e                __vector_20
 .text          0x00000272        0x0 ./MCAL/uart/UART_program.o
 .text          0x00000272        0x0 ./MCAL/TWI/TWI_program.o
 .text          0x00000272        0x0 ./MCAL/TIMER/TIMER_program.o
 .text          0x00000272        0x0 ./MCAL/SPI/SPI_program.o
 .text          0x00000272        0x0 ./MCAL/GIE/GIE_program.o
 .text          0x00000272        0x0 ./MCAL/EXTI/EXTI_config.o
 .text          0x00000272        0x0 ./MCAL/EXTI/EXTI_program.o
 .text          0x00000272        0x0 ./MCAL/DIO/DIO_program.o
 .text          0x00000272        0x0 ./MCAL/ADC/ADC_program.o
 .text          0x00000272        0x0 ./HAL/ultraSonic/ultraSonic_program.o
 .text          0x00000272        0x0 ./HAL/servoMotor/servo_program.o
 .text          0x00000272        0x0 ./HAL/keypad/keypad_HAL_program.o
 .text          0x00000272        0x0 ./HAL/LED/LED_Program.o
 .text          0x00000272        0x0 ./HAL/LCD/LCD_HAL_program.o
 .text          0x00000272        0x0 ./HAL/GLCDKS0108/GLCDKS0108_program.o
 .text          0x00000272        0x0 ./HAL/EEPROM/EEPROM_program.o
 .text          0x00000272        0x0 ./HAL/BUZZER/BUZZER_Program.o
 .text          0x00000272        0x0 ./main.o
 .text          0x00000272        0x0 c:/winavr-20100110/bin/../lib/gcc/avr/4.3.3/avr5\libgcc.a(_mulsi3.o)
 .text          0x00000272        0x0 c:/winavr-20100110/bin/../lib/gcc/avr/4.3.3/avr5\libgcc.a(_udivmodhi4.o)
 .text          0x00000272        0x0 c:/winavr-20100110/bin/../lib/gcc/avr/4.3.3/avr5\libgcc.a(_udivmodsi4.o)
 .text          0x00000272        0x0 c:/winavr-20100110/bin/../lib/gcc/avr/4.3.3/avr5\libgcc.a(_divmodsi4.o)
 .text          0x00000272        0x0 c:/winavr-20100110/bin/../lib/gcc/avr/4.3.3/avr5\libgcc.a(_exit.o)
 .text          0x00000272        0x0 c:/winavr-20100110/bin/../lib/gcc/avr/4.3.3/avr5\libgcc.a(_copy_data.o)
 .text          0x00000272        0x0 c:/winavr-20100110/bin/../lib/gcc/avr/4.3.3/avr5\libgcc.a(_clear_bss.o)
 .text          0x00000272       0x58 c:/winavr-20100110/bin/../lib/gcc/avr/4.3.3/avr5\libgcc.a(_fixunssfsi.o)
                0x00000272                __fixunssfsi
 .text          0x000002ca      0x354 c:/winavr-20100110/bin/../lib/gcc/avr/4.3.3/avr5\libgcc.a(_addsub_sf.o)
                0x00000562                __subsf3
                0x000005c4                __addsf3
 .text          0x0000061e      0x1f4 c:/winavr-20100110/bin/../lib/gcc/avr/4.3.3/avr5\libgcc.a(_mul_sf.o)
                0x0000061e                __mulsf3
 .text          0x00000812      0x158 c:/winavr-20100110/bin/../lib/gcc/avr/4.3.3/avr5\libgcc.a(_div_sf.o)
                0x00000812                __divsf3
 .text          0x0000096a       0x60 c:/winavr-20100110/bin/../lib/gcc/avr/4.3.3/avr5\libgcc.a(_ne_sf.o)
                0x0000096a                __nesf2
 .text          0x000009ca       0x60 c:/winavr-20100110/bin/../lib/gcc/avr/4.3.3/avr5\libgcc.a(_gt_sf.o)
                0x000009ca                __gtsf2
 .text          0x00000a2a       0x60 c:/winavr-20100110/bin/../lib/gcc/avr/4.3.3/avr5\libgcc.a(_ge_sf.o)
                0x00000a2a                __gesf2
 .text          0x00000a8a       0x60 c:/winavr-20100110/bin/../lib/gcc/avr/4.3.3/avr5\libgcc.a(_lt_sf.o)
                0x00000a8a                __ltsf2
 .text          0x00000aea       0xa8 c:/winavr-20100110/bin/../lib/gcc/avr/4.3.3/avr5\libgcc.a(_sf_to_si.o)
                0x00000aea                __fixsfsi
 .text          0x00000b92        0x0 c:/winavr-20100110/bin/../lib/gcc/avr/4.3.3/avr5\libgcc.a(_thenan_sf.o)
 .text          0x00000b92       0xf2 c:/winavr-20100110/bin/../lib/gcc/avr/4.3.3/avr5\libgcc.a(_usi_to_sf.o)
                0x00000b92                __floatunsisf
 .text          0x00000c84        0x0 c:/winavr-20100110/bin/../lib/gcc/avr/4.3.3/avr5\libgcc.a(_prologue.o)
 .text          0x00000c84        0x0 c:/winavr-20100110/bin/../lib/gcc/avr/4.3.3/avr5\libgcc.a(_epilogue.o)
 .text          0x00000c84       0x9e c:/winavr-20100110/bin/../lib/gcc/avr/4.3.3/avr5\libgcc.a(_clzsi2.o)
                0x00000c84                __clzsi2
 .text          0x00000d22      0x1aa c:/winavr-20100110/bin/../lib/gcc/avr/4.3.3/avr5\libgcc.a(_pack_sf.o)
                0x00000d22                __pack_f
 .text          0x00000ecc       0xf0 c:/winavr-20100110/bin/../lib/gcc/avr/4.3.3/avr5\libgcc.a(_unpack_sf.o)
                0x00000ecc                __unpack_f
 .text          0x00000fbc       0xb2 c:/winavr-20100110/bin/../lib/gcc/avr/4.3.3/avr5\libgcc.a(_fpcmp_parts_sf.o)
                0x00000fbc                __fpcmp_parts_f
 .text          0x0000106e        0x0 c:/winavr-20100110/bin/../lib/gcc/avr/4.3.3/avr5\libgcc.a(_clz.o)
 .text          0x0000106e        0x0 c:/winavr-20100110/bin/../lib/gcc/avr/4.3.3/../../../../avr/lib/avr5\libc.a(round.o)
 .text          0x0000106e        0x0 c:/winavr-20100110/bin/../lib/gcc/avr/4.3.3/../../../../avr/lib/avr5\libc.a(fp_mintl.o)
 .text          0x0000106e        0x0 c:/winavr-20100110/bin/../lib/gcc/avr/4.3.3/../../../../avr/lib/avr5\libc.a(fp_mpack.o)
 .text          0x0000106e        0x0 c:/winavr-20100110/bin/../lib/gcc/avr/4.3.3/../../../../avr/lib/avr5\libc.a(fp_split3.o)
 .text          0x0000106e        0x0 c:/winavr-20100110/bin/../lib/gcc/avr/4.3.3/../../../../avr/lib/avr5\libc.a(fp_zero.o)
                0x0000106e                . = ALIGN (0x2)
 *(.text.*)
 .text.UART_vidInit
                0x0000106e       0xc8 ./MCAL/uart/UART_program.o
                0x0000106e                UART_vidInit
 .text.UART_enuSendChar
                0x00001136       0x3e ./MCAL/uart/UART_program.o
                0x00001136                UART_enuSendChar
 .text.UART_enuSendString
                0x00001174       0x5c ./MCAL/uart/UART_program.o
                0x00001174                UART_enuSendString
 .text.UART_enuRecieveChar
                0x000011d0       0x4e ./MCAL/uart/UART_program.o
                0x000011d0                UART_enuRecieveChar
 .text.UART_enuRecieveString
                0x0000121e       0x58 ./MCAL/uart/UART_program.o
                0x0000121e                UART_enuRecieveString
 .text.UART_setBaudRate
                0x00001276       0x8e ./MCAL/uart/UART_program.o
                0x00001276                UART_setBaudRate
 .text.TWI_enuInit
                0x00001304       0x52 ./MCAL/TWI/TWI_program.o
                0x00001304                TWI_enuInit
 .text.TWI_enuStartCondition
                0x00001356       0x40 ./MCAL/TWI/TWI_program.o
                0x00001356                TWI_enuStartCondition
 .text.TWI_enuRepeatStartCondition
                0x00001396       0x40 ./MCAL/TWI/TWI_program.o
                0x00001396                TWI_enuRepeatStartCondition
 .text.TWI_enuStopCondition
                0x000013d6       0x22 ./MCAL/TWI/TWI_program.o
                0x000013d6                TWI_enuStopCondition
 .text.TWI_enuSetSlaveOperation
                0x000013f8       0x86 ./MCAL/TWI/TWI_program.o
                0x000013f8                TWI_enuSetSlaveOperation
 .text.TWI_enuWriteData
                0x0000147e       0x4c ./MCAL/TWI/TWI_program.o
                0x0000147e                TWI_enuWriteData
 .text.TWI_enuReadData
                0x000014ca       0x76 ./MCAL/TWI/TWI_program.o
                0x000014ca                TWI_enuReadData
 .text.TWI_enuCheckMyAddress
                0x00001540       0x60 ./MCAL/TWI/TWI_program.o
                0x00001540                TWI_enuCheckMyAddress
 .text.TIMER0_voidInit
                0x000015a0       0x7e ./MCAL/TIMER/TIMER_program.o
                0x000015a0                TIMER0_voidInit
 .text.TIMER0_voidStart
                0x0000161e        0xe ./MCAL/TIMER/TIMER_program.o
                0x0000161e                TIMER0_voidStart
 .text.TIMER0_voidStop
                0x0000162c        0xe ./MCAL/TIMER/TIMER_program.o
                0x0000162c                TIMER0_voidStop
 .text.TIMER0_voidScheduleTask
                0x0000163a      0x148 ./MCAL/TIMER/TIMER_program.o
                0x0000163a                TIMER0_voidScheduleTask
 .text.TIMER0_voidSetPWM
                0x00001782       0x30 ./MCAL/TIMER/TIMER_program.o
                0x00001782                TIMER0_voidSetPWM
 .text.RESET_TIMER0_COUNTER
                0x000017b2       0x14 ./MCAL/TIMER/TIMER_program.o
                0x000017b2                RESET_TIMER0_COUNTER
 .text.TIMER1_voidInit
                0x000017c6       0xc0 ./MCAL/TIMER/TIMER_program.o
                0x000017c6                TIMER1_voidInit
 .text.Timer1_SetupForTimeMeasurement
                0x00001886      0x14c ./MCAL/TIMER/TIMER_program.o
                0x00001886                Timer1_SetupForTimeMeasurement
 .text.TIMER1_u16ReadCount
                0x000019d2       0x16 ./MCAL/TIMER/TIMER_program.o
                0x000019d2                TIMER1_u16ReadCount
 .text.TIMER1_voidStart
                0x000019e8        0xe ./MCAL/TIMER/TIMER_program.o
                0x000019e8                TIMER1_voidStart
 .text.TIMER1_voidStop
                0x000019f6        0xe ./MCAL/TIMER/TIMER_program.o
                0x000019f6                TIMER1_voidStop
 .text.TIMER1_voidScheduleTask
                0x00001a04      0x162 ./MCAL/TIMER/TIMER_program.o
                0x00001a04                TIMER1_voidScheduleTask
 .text.TIMER1_voidSetPWM
                0x00001b66      0x10a ./MCAL/TIMER/TIMER_program.o
                0x00001b66                TIMER1_voidSetPWM
 .text.TIMER1_voidSetPWM_16bit
                0x00001c70      0x246 ./MCAL/TIMER/TIMER_program.o
                0x00001c70                TIMER1_voidSetPWM_16bit
 .text.TIMER1_CalculateDutyCycleFromTon
                0x00001eb6       0xf4 ./MCAL/TIMER/TIMER_program.o
                0x00001eb6                TIMER1_CalculateDutyCycleFromTon
 .text.RESET_TIMER1_COUNTER
                0x00001faa       0x16 ./MCAL/TIMER/TIMER_program.o
                0x00001faa                RESET_TIMER1_COUNTER
 .text.TIMER2_voidInit
                0x00001fc0       0x7e ./MCAL/TIMER/TIMER_program.o
                0x00001fc0                TIMER2_voidInit
 .text.TIMER2_voidStart
                0x0000203e        0xe ./MCAL/TIMER/TIMER_program.o
                0x0000203e                TIMER2_voidStart
 .text.TIMER2_voidStop
                0x0000204c        0xe ./MCAL/TIMER/TIMER_program.o
                0x0000204c                TIMER2_voidStop
 .text.TIMER2_voidScheduleTask
                0x0000205a      0x148 ./MCAL/TIMER/TIMER_program.o
                0x0000205a                TIMER2_voidScheduleTask
 .text.TIMER2_voidSetPWM
                0x000021a2       0x30 ./MCAL/TIMER/TIMER_program.o
                0x000021a2                TIMER2_voidSetPWM
 .text.TIMER_voidWDTSleep
                0x000021d2       0x2e ./MCAL/TIMER/TIMER_program.o
                0x000021d2                TIMER_voidWDTSleep
 .text.TIMER_voidWDTEnable
                0x00002200       0x2c ./MCAL/TIMER/TIMER_program.o
                0x00002200                TIMER_voidWDTEnable
 .text.TIMER_voidWDTDisable
                0x0000222c       0x24 ./MCAL/TIMER/TIMER_program.o
                0x0000222c                TIMER_voidWDTDisable
 .text.__vector_11
                0x00002250       0xba ./MCAL/TIMER/TIMER_program.o
                0x00002250                __vector_11
 .text.__vector_10
                0x0000230a       0xba ./MCAL/TIMER/TIMER_program.o
                0x0000230a                __vector_10
 .text.__vector_9
                0x000023c4       0xba ./MCAL/TIMER/TIMER_program.o
                0x000023c4                __vector_9
 .text.__vector_7
                0x0000247e       0xba ./MCAL/TIMER/TIMER_program.o
                0x0000247e                __vector_7
 .text.__vector_5
                0x00002538       0xba ./MCAL/TIMER/TIMER_program.o
                0x00002538                __vector_5
 .text.__vector_4
                0x000025f2       0xba ./MCAL/TIMER/TIMER_program.o
                0x000025f2                __vector_4
 .text.SPI_vidInit
                0x000026ac       0x98 ./MCAL/SPI/SPI_program.o
                0x000026ac                SPI_vidInit
 .text.SPI_enuMasterTransmit_Char
                0x00002744       0x3e ./MCAL/SPI/SPI_program.o
                0x00002744                SPI_enuMasterTransmit_Char
 .text.SPI_enuMasterTransmit_String
                0x00002782       0x56 ./MCAL/SPI/SPI_program.o
                0x00002782                SPI_enuMasterTransmit_String
 .text.SPI_enuSlaveReceive_Char
                0x000027d8       0x4a ./MCAL/SPI/SPI_program.o
                0x000027d8                SPI_enuSlaveReceive_Char
 .text.SPI_enuSlaveReceive_String
                0x00002822       0x78 ./MCAL/SPI/SPI_program.o
                0x00002822                SPI_enuSlaveReceive_String
 .text.flipBits
                0x0000289a       0x80 ./MCAL/SPI/SPI_program.o
 .text.GIE_enuEnable
                0x0000291a       0x32 ./MCAL/GIE/GIE_program.o
                0x0000291a                GIE_enuEnable
 .text.GIE_enuDisable
                0x0000294c       0x32 ./MCAL/GIE/GIE_program.o
                0x0000294c                GIE_enuDisable
 .text.EXTI_enuInit
                0x0000297e      0x2a8 ./MCAL/EXTI/EXTI_program.o
                0x0000297e                EXTI_enuInit
 .text.EXTI_enuEnableInterrupt
                0x00002c26       0x78 ./MCAL/EXTI/EXTI_program.o
                0x00002c26                EXTI_enuEnableInterrupt
 .text.EXTI_enuDisableInterrupt
                0x00002c9e       0x8c ./MCAL/EXTI/EXTI_program.o
                0x00002c9e                EXTI_enuDisableInterrupt
 .text.EXTI_enuSetSenseLevel
                0x00002d2a      0x21e ./MCAL/EXTI/EXTI_program.o
                0x00002d2a                EXTI_enuSetSenseLevel
 .text.EXTI_enuSetCallBack
                0x00002f48       0x6a ./MCAL/EXTI/EXTI_program.o
                0x00002f48                EXTI_enuSetCallBack
 .text.__vector_1
                0x00002fb2       0x66 ./MCAL/EXTI/EXTI_program.o
                0x00002fb2                __vector_1
 .text.__vector_2
                0x00003018       0x66 ./MCAL/EXTI/EXTI_program.o
                0x00003018                __vector_2
 .text.__vector_3
                0x0000307e       0x66 ./MCAL/EXTI/EXTI_program.o
                0x0000307e                __vector_3
 .text.DIO_enuInit
                0x000030e4       0x56 ./MCAL/DIO/DIO_program.o
                0x000030e4                DIO_enuInit
 .text.DIO_enuSetPinDirection
                0x0000313a      0x1f8 ./MCAL/DIO/DIO_program.o
                0x0000313a                DIO_enuSetPinDirection
 .text.DIO_enuSetPinValue
                0x00003332      0x1f8 ./MCAL/DIO/DIO_program.o
                0x00003332                DIO_enuSetPinValue
 .text.DIO_enuGetPinValue
                0x0000352a      0x142 ./MCAL/DIO/DIO_program.o
                0x0000352a                DIO_enuGetPinValue
 .text.DIO_enuTogglePinValue
                0x0000366c      0x122 ./MCAL/DIO/DIO_program.o
                0x0000366c                DIO_enuTogglePinValue
 .text.DIO_enuSetPortDirection
                0x0000378e       0xe2 ./MCAL/DIO/DIO_program.o
                0x0000378e                DIO_enuSetPortDirection
 .text.DIO_enuSetPortValue
                0x00003870       0xe2 ./MCAL/DIO/DIO_program.o
                0x00003870                DIO_enuSetPortValue
 .text.ADC_enuInit
                0x00003952      0x178 ./MCAL/ADC/ADC_program.o
                0x00003952                ADC_enuInit
 .text.ADC_enuStartConversion
                0x00003aca       0x46 ./MCAL/ADC/ADC_program.o
                0x00003aca                ADC_enuStartConversion
 .text.ADC_GetResult
                0x00003b10       0x16 ./MCAL/ADC/ADC_program.o
                0x00003b10                ADC_GetResult
 .text.ADC_enuSetCallBack
                0x00003b26       0x44 ./MCAL/ADC/ADC_program.o
                0x00003b26                ADC_enuSetCallBack
 .text.__vector_16
                0x00003b6a       0x66 ./MCAL/ADC/ADC_program.o
                0x00003b6a                __vector_16
 .text.ultraSonic_enuInit
                0x00003bd0       0x70 ./HAL/ultraSonic/ultraSonic_program.o
                0x00003bd0                ultraSonic_enuInit
 .text.ultraSonic_u16GetDistance
                0x00003c40      0x264 ./HAL/ultraSonic/ultraSonic_program.o
                0x00003c40                ultraSonic_u16GetDistance
 .text.servo_init
                0x00003ea4       0x12 ./HAL/servoMotor/servo_program.o
                0x00003ea4                servo_init
 .text.servo_SetAngle
                0x00003eb6       0xd2 ./HAL/servoMotor/servo_program.o
                0x00003eb6                servo_SetAngle
 .text.keypad_enuInit
                0x00003f88       0xba ./HAL/keypad/keypad_HAL_program.o
                0x00003f88                keypad_enuInit
 .text.LCD_vidSetRowPattern
                0x00004042       0xc0 ./HAL/keypad/keypad_HAL_program.o
 .text.keypad_enuGetPressedKey
                0x00004102      0x138 ./HAL/keypad/keypad_HAL_program.o
                0x00004102                keypad_enuGetPressedKey
 .text.LCD_enuInit
                0x0000423a      0x440 ./HAL/LCD/LCD_HAL_program.o
                0x0000423a                LCD_enuInit
 .text.WriteNLatch
                0x0000467a      0x2cc ./HAL/LCD/LCD_HAL_program.o
 .text.LCD_enuSendData
                0x00004946       0x34 ./HAL/LCD/LCD_HAL_program.o
                0x00004946                LCD_enuSendData
 .text.LCD_enuSendCommand
                0x0000497a       0x38 ./HAL/LCD/LCD_HAL_program.o
                0x0000497a                LCD_enuSendCommand
 .text.LCD_u8SendString
                0x000049b2       0x74 ./HAL/LCD/LCD_HAL_program.o
                0x000049b2                LCD_u8SendString
 .text.LCD_enuIntegerToString
                0x00004a26      0x1ae ./HAL/LCD/LCD_HAL_program.o
                0x00004a26                LCD_enuIntegerToString
 .text.LCD_u8SetPosXY
                0x00004bd4       0x86 ./HAL/LCD/LCD_HAL_program.o
                0x00004bd4                LCD_u8SetPosXY
 .text.LCD_u8StoreCustomChar
                0x00004c5a       0x98 ./HAL/LCD/LCD_HAL_program.o
                0x00004c5a                LCD_u8StoreCustomChar
 .text.LCD_u8DisplayCustomChar
                0x00004cf2       0x36 ./HAL/LCD/LCD_HAL_program.o
                0x00004cf2                LCD_u8DisplayCustomChar
 .text.GLCDKS0108_SelectChip
                0x00004d28       0x4a ./HAL/GLCDKS0108/GLCDKS0108_program.o
 .text.GLCDKS0108_Init
                0x00004d72      0x1aa ./HAL/GLCDKS0108/GLCDKS0108_program.o
                0x00004d72                GLCDKS0108_Init
 .text.GLCDKS0108_ClearAll
                0x00004f1c       0x62 ./HAL/GLCDKS0108/GLCDKS0108_program.o
                0x00004f1c                GLCDKS0108_ClearAll
 .text.GLCDKS0108_DisplayChar
                0x00004f7e       0xd4 ./HAL/GLCDKS0108/GLCDKS0108_program.o
                0x00004f7e                GLCDKS0108_DisplayChar
 .text.GLCDKS0108_DisplayString
                0x00005052       0x62 ./HAL/GLCDKS0108/GLCDKS0108_program.o
                0x00005052                GLCDKS0108_DisplayString
 .text.GLCDKS0108_SendCommand
                0x000050b4      0x350 ./HAL/GLCDKS0108/GLCDKS0108_program.o
 .text.GLCDKS0108_SendData
                0x00005404      0x350 ./HAL/GLCDKS0108/GLCDKS0108_program.o
 .text.EEPROM_enuInit
                0x00005754       0x1a ./HAL/EEPROM/EEPROM_program.o
                0x00005754                EEPROM_enuInit
 .text.EEPROM_enuWriteData
                0x0000576e      0x17a ./HAL/EEPROM/EEPROM_program.o
                0x0000576e                EEPROM_enuWriteData
 .text.EEPROM_enuReadData
                0x000058e8       0x9c ./HAL/EEPROM/EEPROM_program.o
                0x000058e8                EEPROM_enuReadData
 .text.EEPROM_WriteDataSequence
                0x00005984       0x90 ./HAL/EEPROM/EEPROM_program.o
                0x00005984                EEPROM_WriteDataSequence
 .text.EEPROM_SearchForFlag
                0x00005a14       0x58 ./HAL/EEPROM/EEPROM_program.o
                0x00005a14                EEPROM_SearchForFlag
 .text.EEPROM_Format
                0x00005a6c       0x7c ./HAL/EEPROM/EEPROM_program.o
                0x00005a6c                EEPROM_Format
 .text.Buzzer_voidInit
                0x00005ae8       0x2c ./HAL/BUZZER/BUZZER_Program.o
                0x00005ae8                Buzzer_voidInit
 .text.Buzzer_voidON
                0x00005b14       0x2c ./HAL/BUZZER/BUZZER_Program.o
                0x00005b14                Buzzer_voidON
 .text.Buzzer_voidOFF
                0x00005b40       0x2c ./HAL/BUZZER/BUZZER_Program.o
                0x00005b40                Buzzer_voidOFF
 .text.Buzzer_voidTOGGLE
                0x00005b6c       0x2a ./HAL/BUZZER/BUZZER_Program.o
                0x00005b6c                Buzzer_voidTOGGLE
 .text.main     0x00005b96      0x152 ./main.o
                0x00005b96                main
 .text.libgcc   0x00005ce8       0x3e c:/winavr-20100110/bin/../lib/gcc/avr/4.3.3/avr5\libgcc.a(_mulsi3.o)
                0x00005ce8                __mulsi3
 .text.libgcc   0x00005d26       0x28 c:/winavr-20100110/bin/../lib/gcc/avr/4.3.3/avr5\libgcc.a(_udivmodhi4.o)
                0x00005d26                __udivmodhi4
 .text.libgcc   0x00005d4e       0x44 c:/winavr-20100110/bin/../lib/gcc/avr/4.3.3/avr5\libgcc.a(_udivmodsi4.o)
                0x00005d4e                __udivmodsi4
 .text.libgcc   0x00005d92       0x36 c:/winavr-20100110/bin/../lib/gcc/avr/4.3.3/avr5\libgcc.a(_divmodsi4.o)
                0x00005d92                __divmodsi4
 .text.libgcc   0x00005dc8        0x0 c:/winavr-20100110/bin/../lib/gcc/avr/4.3.3/avr5\libgcc.a(_exit.o)
 .text.libgcc   0x00005dc8        0x0 c:/winavr-20100110/bin/../lib/gcc/avr/4.3.3/avr5\libgcc.a(_copy_data.o)
 .text.libgcc   0x00005dc8        0x0 c:/winavr-20100110/bin/../lib/gcc/avr/4.3.3/avr5\libgcc.a(_clear_bss.o)
 .text.libgcc   0x00005dc8       0x38 c:/winavr-20100110/bin/../lib/gcc/avr/4.3.3/avr5\libgcc.a(_prologue.o)
                0x00005dc8                __prologue_saves__
 .text.libgcc   0x00005e00       0x36 c:/winavr-20100110/bin/../lib/gcc/avr/4.3.3/avr5\libgcc.a(_epilogue.o)
                0x00005e00                __epilogue_restores__
 .text.avr-libc.fplib
                0x00005e36       0x40 c:/winavr-20100110/bin/../lib/gcc/avr/4.3.3/../../../../avr/lib/avr5\libc.a(round.o)
                0x00005e36                round
 .text.avr-libc.fplib
                0x00005e76       0x36 c:/winavr-20100110/bin/../lib/gcc/avr/4.3.3/../../../../avr/lib/avr5\libc.a(fp_mintl.o)
                0x00005e76                __fp_mintl
 .text.avr-libc.fplib
                0x00005eac       0x1c c:/winavr-20100110/bin/../lib/gcc/avr/4.3.3/../../../../avr/lib/avr5\libc.a(fp_mpack.o)
                0x00005eb0                __fp_mpack_finite
                0x00005eac                __fp_mpack
 .text.avr-libc.fplib
                0x00005ec8       0x44 c:/winavr-20100110/bin/../lib/gcc/avr/4.3.3/../../../../avr/lib/avr5\libc.a(fp_split3.o)
                0x00005ec8                __fp_split3
                0x00005ed8                __fp_splitA
 .text.avr-libc.fplib
                0x00005f0c        0xe c:/winavr-20100110/bin/../lib/gcc/avr/4.3.3/../../../../avr/lib/avr5\libc.a(fp_zero.o)
                0x00005f0c                __fp_zero
                0x00005f0e                __fp_szero
                0x00005f1a                . = ALIGN (0x2)
 *(.fini9)
 .fini9         0x00005f1a        0x0 c:/winavr-20100110/bin/../lib/gcc/avr/4.3.3/avr5\libgcc.a(_exit.o)
                0x00005f1a                exit
                0x00005f1a                _exit
 *(.fini9)
 *(.fini8)
 *(.fini8)
 *(.fini7)
 *(.fini7)
 *(.fini6)
 *(.fini6)
 *(.fini5)
 *(.fini5)
 *(.fini4)
 *(.fini4)
 *(.fini3)
 *(.fini3)
 *(.fini2)
 *(.fini2)
 *(.fini1)
 *(.fini1)
 *(.fini0)
 .fini0         0x00005f1a        0x4 c:/winavr-20100110/bin/../lib/gcc/avr/4.3.3/avr5\libgcc.a(_exit.o)
 *(.fini0)
                0x00005f1e                _etext = .

.data           0x00800060      0x124 load address 0x00005f1e
                0x00800060                PROVIDE (__data_start, .)
 *(.data)
 .data          0x00800060        0x0 c:/winavr-20100110/bin/../lib/gcc/avr/4.3.3/../../../../avr/lib/avr5/crtm32.o
 .data          0x00800060        0x0 ./MCAL/uart/UART_program.o
 .data          0x00800060        0x0 ./MCAL/TWI/TWI_program.o
 .data          0x00800060        0x0 ./MCAL/TIMER/TIMER_program.o
 .data          0x00800060        0x0 ./MCAL/SPI/SPI_program.o
 .data          0x00800060        0x0 ./MCAL/GIE/GIE_program.o
 .data          0x00800060        0x0 ./MCAL/EXTI/EXTI_config.o
 .data          0x00800060        0x0 ./MCAL/EXTI/EXTI_program.o
 .data          0x00800060        0x0 ./MCAL/DIO/DIO_program.o
 .data          0x00800060        0x0 ./MCAL/ADC/ADC_program.o
 .data          0x00800060        0x0 ./HAL/ultraSonic/ultraSonic_program.o
 .data          0x00800060        0x0 ./HAL/servoMotor/servo_program.o
 .data          0x00800060        0x0 ./HAL/keypad/keypad_HAL_program.o
 .data          0x00800060        0x0 ./HAL/LED/LED_Program.o
 .data          0x00800060        0x0 ./HAL/LCD/LCD_HAL_program.o
 .data          0x00800060        0x0 ./HAL/GLCDKS0108/GLCDKS0108_program.o
 .data          0x00800060        0x0 ./HAL/EEPROM/EEPROM_program.o
 .data          0x00800060        0x0 ./HAL/BUZZER/BUZZER_Program.o
 .data          0x00800060        0x6 ./main.o
 .data          0x00800066        0x0 c:/winavr-20100110/bin/../lib/gcc/avr/4.3.3/avr5\libgcc.a(_mulsi3.o)
 .data          0x00800066        0x0 c:/winavr-20100110/bin/../lib/gcc/avr/4.3.3/avr5\libgcc.a(_udivmodhi4.o)
 .data          0x00800066        0x0 c:/winavr-20100110/bin/../lib/gcc/avr/4.3.3/avr5\libgcc.a(_udivmodsi4.o)
 .data          0x00800066        0x0 c:/winavr-20100110/bin/../lib/gcc/avr/4.3.3/avr5\libgcc.a(_divmodsi4.o)
 .data          0x00800066        0x0 c:/winavr-20100110/bin/../lib/gcc/avr/4.3.3/avr5\libgcc.a(_exit.o)
 .data          0x00800066        0x0 c:/winavr-20100110/bin/../lib/gcc/avr/4.3.3/avr5\libgcc.a(_copy_data.o)
 .data          0x00800066        0x0 c:/winavr-20100110/bin/../lib/gcc/avr/4.3.3/avr5\libgcc.a(_clear_bss.o)
 .data          0x00800066        0x0 c:/winavr-20100110/bin/../lib/gcc/avr/4.3.3/avr5\libgcc.a(_fixunssfsi.o)
 .data          0x00800066        0x0 c:/winavr-20100110/bin/../lib/gcc/avr/4.3.3/avr5\libgcc.a(_addsub_sf.o)
 .data          0x00800066        0x0 c:/winavr-20100110/bin/../lib/gcc/avr/4.3.3/avr5\libgcc.a(_mul_sf.o)
 .data          0x00800066        0x0 c:/winavr-20100110/bin/../lib/gcc/avr/4.3.3/avr5\libgcc.a(_div_sf.o)
 .data          0x00800066        0x0 c:/winavr-20100110/bin/../lib/gcc/avr/4.3.3/avr5\libgcc.a(_ne_sf.o)
 .data          0x00800066        0x0 c:/winavr-20100110/bin/../lib/gcc/avr/4.3.3/avr5\libgcc.a(_gt_sf.o)
 .data          0x00800066        0x0 c:/winavr-20100110/bin/../lib/gcc/avr/4.3.3/avr5\libgcc.a(_ge_sf.o)
 .data          0x00800066        0x0 c:/winavr-20100110/bin/../lib/gcc/avr/4.3.3/avr5\libgcc.a(_lt_sf.o)
 .data          0x00800066        0x0 c:/winavr-20100110/bin/../lib/gcc/avr/4.3.3/avr5\libgcc.a(_sf_to_si.o)
 .data          0x00800066        0x8 c:/winavr-20100110/bin/../lib/gcc/avr/4.3.3/avr5\libgcc.a(_thenan_sf.o)
                0x00800066                __thenan_sf
 .data          0x0080006e        0x0 c:/winavr-20100110/bin/../lib/gcc/avr/4.3.3/avr5\libgcc.a(_usi_to_sf.o)
 .data          0x0080006e        0x0 c:/winavr-20100110/bin/../lib/gcc/avr/4.3.3/avr5\libgcc.a(_prologue.o)
 .data          0x0080006e        0x0 c:/winavr-20100110/bin/../lib/gcc/avr/4.3.3/avr5\libgcc.a(_epilogue.o)
 .data          0x0080006e        0x0 c:/winavr-20100110/bin/../lib/gcc/avr/4.3.3/avr5\libgcc.a(_clzsi2.o)
 .data          0x0080006e        0x0 c:/winavr-20100110/bin/../lib/gcc/avr/4.3.3/avr5\libgcc.a(_pack_sf.o)
 .data          0x0080006e        0x0 c:/winavr-20100110/bin/../lib/gcc/avr/4.3.3/avr5\libgcc.a(_unpack_sf.o)
 .data          0x0080006e        0x0 c:/winavr-20100110/bin/../lib/gcc/avr/4.3.3/avr5\libgcc.a(_fpcmp_parts_sf.o)
 .data          0x0080006e      0x100 c:/winavr-20100110/bin/../lib/gcc/avr/4.3.3/avr5\libgcc.a(_clz.o)
                0x0080006e                __clz_tab
 .data          0x0080016e        0x0 c:/winavr-20100110/bin/../lib/gcc/avr/4.3.3/../../../../avr/lib/avr5\libc.a(round.o)
 .data          0x0080016e        0x0 c:/winavr-20100110/bin/../lib/gcc/avr/4.3.3/../../../../avr/lib/avr5\libc.a(fp_mintl.o)
 .data          0x0080016e        0x0 c:/winavr-20100110/bin/../lib/gcc/avr/4.3.3/../../../../avr/lib/avr5\libc.a(fp_mpack.o)
 .data          0x0080016e        0x0 c:/winavr-20100110/bin/../lib/gcc/avr/4.3.3/../../../../avr/lib/avr5\libc.a(fp_split3.o)
 .data          0x0080016e        0x0 c:/winavr-20100110/bin/../lib/gcc/avr/4.3.3/../../../../avr/lib/avr5\libc.a(fp_zero.o)
 *(.data*)
 .data.EXTI_GroupConfig
                0x0080016e        0x6 ./MCAL/EXTI/EXTI_config.o
                0x0080016e                EXTI_GroupConfig
 .data.keypadOutput
                0x00800174       0x10 ./HAL/keypad/keypad_HAL_program.o
 *(.rodata)
 *(.rodata*)
 *(.gnu.linkonce.d*)
                0x00800184                . = ALIGN (0x2)
                0x00800184                _edata = .
                0x00800184                PROVIDE (__data_end, .)

.bss            0x00800184       0x27
                0x00800184                PROVIDE (__bss_start, .)
 *(.bss)
 .bss           0x00800184        0x0 c:/winavr-20100110/bin/../lib/gcc/avr/4.3.3/../../../../avr/lib/avr5/crtm32.o
 .bss           0x00800184        0x0 ./MCAL/uart/UART_program.o
 .bss           0x00800184        0x0 ./MCAL/TWI/TWI_program.o
 .bss           0x00800184        0x0 ./MCAL/TIMER/TIMER_program.o
 .bss           0x00800184        0x0 ./MCAL/SPI/SPI_program.o
 .bss           0x00800184        0x0 ./MCAL/GIE/GIE_program.o
 .bss           0x00800184        0x0 ./MCAL/EXTI/EXTI_config.o
 .bss           0x00800184        0x0 ./MCAL/EXTI/EXTI_program.o
 .bss           0x00800184        0x0 ./MCAL/DIO/DIO_program.o
 .bss           0x00800184        0x0 ./MCAL/ADC/ADC_program.o
 .bss           0x00800184        0x0 ./HAL/ultraSonic/ultraSonic_program.o
 .bss           0x00800184        0x0 ./HAL/servoMotor/servo_program.o
 .bss           0x00800184        0x0 ./HAL/keypad/keypad_HAL_program.o
 .bss           0x00800184        0x0 ./HAL/LED/LED_Program.o
 .bss           0x00800184        0x0 ./HAL/LCD/LCD_HAL_program.o
 .bss           0x00800184        0x0 ./HAL/GLCDKS0108/GLCDKS0108_program.o
 .bss           0x00800184        0x0 ./HAL/EEPROM/EEPROM_program.o
 .bss           0x00800184        0x0 ./HAL/BUZZER/BUZZER_Program.o
 .bss           0x00800184        0x0 ./main.o
 .bss           0x00800184        0x0 c:/winavr-20100110/bin/../lib/gcc/avr/4.3.3/avr5\libgcc.a(_mulsi3.o)
 .bss           0x00800184        0x0 c:/winavr-20100110/bin/../lib/gcc/avr/4.3.3/avr5\libgcc.a(_udivmodhi4.o)
 .bss           0x00800184        0x0 c:/winavr-20100110/bin/../lib/gcc/avr/4.3.3/avr5\libgcc.a(_udivmodsi4.o)
 .bss           0x00800184        0x0 c:/winavr-20100110/bin/../lib/gcc/avr/4.3.3/avr5\libgcc.a(_divmodsi4.o)
 .bss           0x00800184        0x0 c:/winavr-20100110/bin/../lib/gcc/avr/4.3.3/avr5\libgcc.a(_exit.o)
 .bss           0x00800184        0x0 c:/winavr-20100110/bin/../lib/gcc/avr/4.3.3/avr5\libgcc.a(_copy_data.o)
 .bss           0x00800184        0x0 c:/winavr-20100110/bin/../lib/gcc/avr/4.3.3/avr5\libgcc.a(_clear_bss.o)
 .bss           0x00800184        0x0 c:/winavr-20100110/bin/../lib/gcc/avr/4.3.3/avr5\libgcc.a(_fixunssfsi.o)
 .bss           0x00800184        0x0 c:/winavr-20100110/bin/../lib/gcc/avr/4.3.3/avr5\libgcc.a(_addsub_sf.o)
 .bss           0x00800184        0x0 c:/winavr-20100110/bin/../lib/gcc/avr/4.3.3/avr5\libgcc.a(_mul_sf.o)
 .bss           0x00800184        0x0 c:/winavr-20100110/bin/../lib/gcc/avr/4.3.3/avr5\libgcc.a(_div_sf.o)
 .bss           0x00800184        0x0 c:/winavr-20100110/bin/../lib/gcc/avr/4.3.3/avr5\libgcc.a(_ne_sf.o)
 .bss           0x00800184        0x0 c:/winavr-20100110/bin/../lib/gcc/avr/4.3.3/avr5\libgcc.a(_gt_sf.o)
 .bss           0x00800184        0x0 c:/winavr-20100110/bin/../lib/gcc/avr/4.3.3/avr5\libgcc.a(_ge_sf.o)
 .bss           0x00800184        0x0 c:/winavr-20100110/bin/../lib/gcc/avr/4.3.3/avr5\libgcc.a(_lt_sf.o)
 .bss           0x00800184        0x0 c:/winavr-20100110/bin/../lib/gcc/avr/4.3.3/avr5\libgcc.a(_sf_to_si.o)
 .bss           0x00800184        0x0 c:/winavr-20100110/bin/../lib/gcc/avr/4.3.3/avr5\libgcc.a(_thenan_sf.o)
 .bss           0x00800184        0x0 c:/winavr-20100110/bin/../lib/gcc/avr/4.3.3/avr5\libgcc.a(_usi_to_sf.o)
 .bss           0x00800184        0x0 c:/winavr-20100110/bin/../lib/gcc/avr/4.3.3/avr5\libgcc.a(_prologue.o)
 .bss           0x00800184        0x0 c:/winavr-20100110/bin/../lib/gcc/avr/4.3.3/avr5\libgcc.a(_epilogue.o)
 .bss           0x00800184        0x0 c:/winavr-20100110/bin/../lib/gcc/avr/4.3.3/avr5\libgcc.a(_clzsi2.o)
 .bss           0x00800184        0x0 c:/winavr-20100110/bin/../lib/gcc/avr/4.3.3/avr5\libgcc.a(_pack_sf.o)
 .bss           0x00800184        0x0 c:/winavr-20100110/bin/../lib/gcc/avr/4.3.3/avr5\libgcc.a(_unpack_sf.o)
 .bss           0x00800184        0x0 c:/winavr-20100110/bin/../lib/gcc/avr/4.3.3/avr5\libgcc.a(_fpcmp_parts_sf.o)
 .bss           0x00800184        0x0 c:/winavr-20100110/bin/../lib/gcc/avr/4.3.3/avr5\libgcc.a(_clz.o)
 .bss           0x00800184        0x0 c:/winavr-20100110/bin/../lib/gcc/avr/4.3.3/../../../../avr/lib/avr5\libc.a(round.o)
 .bss           0x00800184        0x0 c:/winavr-20100110/bin/../lib/gcc/avr/4.3.3/../../../../avr/lib/avr5\libc.a(fp_mintl.o)
 .bss           0x00800184        0x0 c:/winavr-20100110/bin/../lib/gcc/avr/4.3.3/../../../../avr/lib/avr5\libc.a(fp_mpack.o)
 .bss           0x00800184        0x0 c:/winavr-20100110/bin/../lib/gcc/avr/4.3.3/../../../../avr/lib/avr5\libc.a(fp_split3.o)
 .bss           0x00800184        0x0 c:/winavr-20100110/bin/../lib/gcc/avr/4.3.3/../../../../avr/lib/avr5\libc.a(fp_zero.o)
 *(.bss*)
 .bss.TIMER0_CURRENT_NTICKS
                0x00800184        0x4 ./MCAL/TIMER/TIMER_program.o
 .bss.TIMER1_CURRENT_NTICKS
                0x00800188        0x4 ./MCAL/TIMER/TIMER_program.o
 .bss.TIMER2_CURRENT_NTICKS
                0x0080018c        0x4 ./MCAL/TIMER/TIMER_program.o
 .bss.TIMERS_ISR_Functions
                0x00800190        0x6 ./MCAL/TIMER/TIMER_program.o
 .bss.TIMER0_TARGET_NTICKS
                0x00800196        0x4 ./MCAL/TIMER/TIMER_program.o
 .bss.TIMER1_TARGET_NTICKS
                0x0080019a        0x4 ./MCAL/TIMER/TIMER_program.o
 .bss.TIMER2_TARGET_NTICKS
                0x0080019e        0x4 ./MCAL/TIMER/TIMER_program.o
 .bss.EXTI_pfunISRFun
                0x008001a2        0x6 ./MCAL/EXTI/EXTI_program.o
 .bss.ADC_CallBackFunction
                0x008001a8        0x2 ./MCAL/ADC/ADC_program.o
 .bss.Global_u8FourBitInitFlag
                0x008001aa        0x1 ./HAL/LCD/LCD_HAL_program.o
 *(COMMON)
                0x008001ab                PROVIDE (__bss_end, .)
                0x00005f1e                __data_load_start = LOADADDR (.data)
                0x00006042                __data_load_end = (__data_load_start + SIZEOF (.data))

.noinit         0x008001ab        0x0
                0x008001ab                PROVIDE (__noinit_start, .)
 *(.noinit*)
                0x008001ab                PROVIDE (__noinit_end, .)
                0x008001ab                _end = .
                0x008001ab                PROVIDE (__heap_start, .)

.eeprom         0x00810000        0x0
 *(.eeprom*)
                0x00810000                __eeprom_end = .

.fuse
 *(.fuse)
 *(.lfuse)
 *(.hfuse)
 *(.efuse)

.lock
 *(.lock*)

.signature
 *(.signature*)

.stab           0x00000000     0x7950
 *(.stab)
 .stab          0x00000000      0x600 ./MCAL/uart/UART_program.o
 .stab          0x00000600      0x8d0 ./MCAL/TWI/TWI_program.o
                                0x90c (size before relaxing)
 .stab          0x00000ed0     0x1008 ./MCAL/TIMER/TIMER_program.o
                               0x11a0 (size before relaxing)
 .stab          0x00001ed8      0x57c ./MCAL/SPI/SPI_program.o
                                0x5b8 (size before relaxing)
 .stab          0x00002454      0x2c4 ./MCAL/GIE/GIE_program.o
                                0x300 (size before relaxing)
 .stab          0x00002718      0x108 ./MCAL/EXTI/EXTI_config.o
                                0x114 (size before relaxing)
 .stab          0x00002820      0x8e8 ./MCAL/EXTI/EXTI_program.o
                                0xad4 (size before relaxing)
 .stab          0x00003108      0x954 ./MCAL/DIO/DIO_program.o
                                0x990 (size before relaxing)
 .stab          0x00003a5c      0x528 ./MCAL/ADC/ADC_program.o
                                0x6fc (size before relaxing)
 .stab          0x00003f84      0x4b0 ./HAL/ultraSonic/ultraSonic_program.o
                                0x654 (size before relaxing)
 .stab          0x00004434      0x2d0 ./HAL/servoMotor/servo_program.o
                                0x474 (size before relaxing)
 .stab          0x00004704      0x57c ./HAL/keypad/keypad_HAL_program.o
                                0x5b8 (size before relaxing)
 .stab          0x00004c80       0xd8 ./HAL/LED/LED_Program.o
                                 0xe4 (size before relaxing)
 .stab          0x00004d58     0x10c8 ./HAL/LCD/LCD_HAL_program.o
                               0x1110 (size before relaxing)
 .stab          0x00005e20      0xdec ./HAL/GLCDKS0108/GLCDKS0108_program.o
                                0xfa8 (size before relaxing)
 .stab          0x00006c0c      0x774 ./HAL/EEPROM/EEPROM_program.o
                                0x918 (size before relaxing)
 .stab          0x00007380      0x2d0 ./HAL/BUZZER/BUZZER_Program.o
                                0x30c (size before relaxing)
 .stab          0x00007650      0x300 ./main.o
                                0x558 (size before relaxing)

.stabstr        0x00000000     0x3d16
 *(.stabstr)
 .stabstr       0x00000000     0x3d16 ./MCAL/uart/UART_program.o

.stab.excl
 *(.stab.excl)

.stab.exclstr
 *(.stab.exclstr)

.stab.index
 *(.stab.index)

.stab.indexstr
 *(.stab.indexstr)

.comment
 *(.comment)

.debug
 *(.debug)

.line
 *(.line)

.debug_srcinfo
 *(.debug_srcinfo)

.debug_sfnames
 *(.debug_sfnames)

.debug_aranges  0x00000000      0x1c0
 *(.debug_aranges)
 .debug_aranges
                0x00000000       0x20 c:/winavr-20100110/bin/../lib/gcc/avr/4.3.3/avr5\libgcc.a(_fixunssfsi.o)
 .debug_aranges
                0x00000020       0x20 c:/winavr-20100110/bin/../lib/gcc/avr/4.3.3/avr5\libgcc.a(_addsub_sf.o)
 .debug_aranges
                0x00000040       0x20 c:/winavr-20100110/bin/../lib/gcc/avr/4.3.3/avr5\libgcc.a(_mul_sf.o)
 .debug_aranges
                0x00000060       0x20 c:/winavr-20100110/bin/../lib/gcc/avr/4.3.3/avr5\libgcc.a(_div_sf.o)
 .debug_aranges
                0x00000080       0x20 c:/winavr-20100110/bin/../lib/gcc/avr/4.3.3/avr5\libgcc.a(_ne_sf.o)
 .debug_aranges
                0x000000a0       0x20 c:/winavr-20100110/bin/../lib/gcc/avr/4.3.3/avr5\libgcc.a(_gt_sf.o)
 .debug_aranges
                0x000000c0       0x20 c:/winavr-20100110/bin/../lib/gcc/avr/4.3.3/avr5\libgcc.a(_ge_sf.o)
 .debug_aranges
                0x000000e0       0x20 c:/winavr-20100110/bin/../lib/gcc/avr/4.3.3/avr5\libgcc.a(_lt_sf.o)
 .debug_aranges
                0x00000100       0x20 c:/winavr-20100110/bin/../lib/gcc/avr/4.3.3/avr5\libgcc.a(_sf_to_si.o)
 .debug_aranges
                0x00000120       0x20 c:/winavr-20100110/bin/../lib/gcc/avr/4.3.3/avr5\libgcc.a(_usi_to_sf.o)
 .debug_aranges
                0x00000140       0x20 c:/winavr-20100110/bin/../lib/gcc/avr/4.3.3/avr5\libgcc.a(_clzsi2.o)
 .debug_aranges
                0x00000160       0x20 c:/winavr-20100110/bin/../lib/gcc/avr/4.3.3/avr5\libgcc.a(_pack_sf.o)
 .debug_aranges
                0x00000180       0x20 c:/winavr-20100110/bin/../lib/gcc/avr/4.3.3/avr5\libgcc.a(_unpack_sf.o)
 .debug_aranges
                0x000001a0       0x20 c:/winavr-20100110/bin/../lib/gcc/avr/4.3.3/avr5\libgcc.a(_fpcmp_parts_sf.o)

.debug_pubnames
                0x00000000      0x210
 *(.debug_pubnames)
 .debug_pubnames
                0x00000000       0x23 c:/winavr-20100110/bin/../lib/gcc/avr/4.3.3/avr5\libgcc.a(_fixunssfsi.o)
 .debug_pubnames
                0x00000023       0x2c c:/winavr-20100110/bin/../lib/gcc/avr/4.3.3/avr5\libgcc.a(_addsub_sf.o)
 .debug_pubnames
                0x0000004f       0x1f c:/winavr-20100110/bin/../lib/gcc/avr/4.3.3/avr5\libgcc.a(_mul_sf.o)
 .debug_pubnames
                0x0000006e       0x1f c:/winavr-20100110/bin/../lib/gcc/avr/4.3.3/avr5\libgcc.a(_div_sf.o)
 .debug_pubnames
                0x0000008d       0x1e c:/winavr-20100110/bin/../lib/gcc/avr/4.3.3/avr5\libgcc.a(_ne_sf.o)
 .debug_pubnames
                0x000000ab       0x1e c:/winavr-20100110/bin/../lib/gcc/avr/4.3.3/avr5\libgcc.a(_gt_sf.o)
 .debug_pubnames
                0x000000c9       0x1e c:/winavr-20100110/bin/../lib/gcc/avr/4.3.3/avr5\libgcc.a(_ge_sf.o)
 .debug_pubnames
                0x000000e7       0x1e c:/winavr-20100110/bin/../lib/gcc/avr/4.3.3/avr5\libgcc.a(_lt_sf.o)
 .debug_pubnames
                0x00000105       0x20 c:/winavr-20100110/bin/../lib/gcc/avr/4.3.3/avr5\libgcc.a(_sf_to_si.o)
 .debug_pubnames
                0x00000125       0x22 c:/winavr-20100110/bin/../lib/gcc/avr/4.3.3/avr5\libgcc.a(_thenan_sf.o)
 .debug_pubnames
                0x00000147       0x24 c:/winavr-20100110/bin/../lib/gcc/avr/4.3.3/avr5\libgcc.a(_usi_to_sf.o)
 .debug_pubnames
                0x0000016b       0x1f c:/winavr-20100110/bin/../lib/gcc/avr/4.3.3/avr5\libgcc.a(_clzsi2.o)
 .debug_pubnames
                0x0000018a       0x1f c:/winavr-20100110/bin/../lib/gcc/avr/4.3.3/avr5\libgcc.a(_pack_sf.o)
 .debug_pubnames
                0x000001a9       0x21 c:/winavr-20100110/bin/../lib/gcc/avr/4.3.3/avr5\libgcc.a(_unpack_sf.o)
 .debug_pubnames
                0x000001ca       0x26 c:/winavr-20100110/bin/../lib/gcc/avr/4.3.3/avr5\libgcc.a(_fpcmp_parts_sf.o)
 .debug_pubnames
                0x000001f0       0x20 c:/winavr-20100110/bin/../lib/gcc/avr/4.3.3/avr5\libgcc.a(_clz.o)

.debug_info     0x00000000     0x268a
 *(.debug_info)
 .debug_info    0x00000000       0xb1 c:/winavr-20100110/bin/../lib/gcc/avr/4.3.3/avr5\libgcc.a(_fixunssfsi.o)
 .debug_info    0x000000b1      0x47a c:/winavr-20100110/bin/../lib/gcc/avr/4.3.3/avr5\libgcc.a(_addsub_sf.o)
 .debug_info    0x0000052b      0x485 c:/winavr-20100110/bin/../lib/gcc/avr/4.3.3/avr5\libgcc.a(_mul_sf.o)
 .debug_info    0x000009b0      0x3fc c:/winavr-20100110/bin/../lib/gcc/avr/4.3.3/avr5\libgcc.a(_div_sf.o)
 .debug_info    0x00000dac      0x27f c:/winavr-20100110/bin/../lib/gcc/avr/4.3.3/avr5\libgcc.a(_ne_sf.o)
 .debug_info    0x0000102b      0x27f c:/winavr-20100110/bin/../lib/gcc/avr/4.3.3/avr5\libgcc.a(_gt_sf.o)
 .debug_info    0x000012aa      0x27f c:/winavr-20100110/bin/../lib/gcc/avr/4.3.3/avr5\libgcc.a(_ge_sf.o)
 .debug_info    0x00001529      0x27f c:/winavr-20100110/bin/../lib/gcc/avr/4.3.3/avr5\libgcc.a(_lt_sf.o)
 .debug_info    0x000017a8      0x2b0 c:/winavr-20100110/bin/../lib/gcc/avr/4.3.3/avr5\libgcc.a(_sf_to_si.o)
 .debug_info    0x00001a58      0x12c c:/winavr-20100110/bin/../lib/gcc/avr/4.3.3/avr5\libgcc.a(_thenan_sf.o)
 .debug_info    0x00001b84      0x206 c:/winavr-20100110/bin/../lib/gcc/avr/4.3.3/avr5\libgcc.a(_usi_to_sf.o)
 .debug_info    0x00001d8a      0x117 c:/winavr-20100110/bin/../lib/gcc/avr/4.3.3/avr5\libgcc.a(_clzsi2.o)
 .debug_info    0x00001ea1      0x2df c:/winavr-20100110/bin/../lib/gcc/avr/4.3.3/avr5\libgcc.a(_pack_sf.o)
 .debug_info    0x00002180      0x251 c:/winavr-20100110/bin/../lib/gcc/avr/4.3.3/avr5\libgcc.a(_unpack_sf.o)
 .debug_info    0x000023d1      0x210 c:/winavr-20100110/bin/../lib/gcc/avr/4.3.3/avr5\libgcc.a(_fpcmp_parts_sf.o)
 .debug_info    0x000025e1       0xa9 c:/winavr-20100110/bin/../lib/gcc/avr/4.3.3/avr5\libgcc.a(_clz.o)
 *(.gnu.linkonce.wi.*)

.debug_abbrev   0x00000000     0x14e0
 *(.debug_abbrev)
 .debug_abbrev  0x00000000       0x5d c:/winavr-20100110/bin/../lib/gcc/avr/4.3.3/avr5\libgcc.a(_fixunssfsi.o)
 .debug_abbrev  0x0000005d      0x1ea c:/winavr-20100110/bin/../lib/gcc/avr/4.3.3/avr5\libgcc.a(_addsub_sf.o)
 .debug_abbrev  0x00000247      0x21b c:/winavr-20100110/bin/../lib/gcc/avr/4.3.3/avr5\libgcc.a(_mul_sf.o)
 .debug_abbrev  0x00000462      0x216 c:/winavr-20100110/bin/../lib/gcc/avr/4.3.3/avr5\libgcc.a(_div_sf.o)
 .debug_abbrev  0x00000678      0x15a c:/winavr-20100110/bin/../lib/gcc/avr/4.3.3/avr5\libgcc.a(_ne_sf.o)
 .debug_abbrev  0x000007d2      0x15a c:/winavr-20100110/bin/../lib/gcc/avr/4.3.3/avr5\libgcc.a(_gt_sf.o)
 .debug_abbrev  0x0000092c      0x15a c:/winavr-20100110/bin/../lib/gcc/avr/4.3.3/avr5\libgcc.a(_ge_sf.o)
 .debug_abbrev  0x00000a86      0x15a c:/winavr-20100110/bin/../lib/gcc/avr/4.3.3/avr5\libgcc.a(_lt_sf.o)
 .debug_abbrev  0x00000be0      0x17f c:/winavr-20100110/bin/../lib/gcc/avr/4.3.3/avr5\libgcc.a(_sf_to_si.o)
 .debug_abbrev  0x00000d5f       0xad c:/winavr-20100110/bin/../lib/gcc/avr/4.3.3/avr5\libgcc.a(_thenan_sf.o)
 .debug_abbrev  0x00000e0c      0x157 c:/winavr-20100110/bin/../lib/gcc/avr/4.3.3/avr5\libgcc.a(_usi_to_sf.o)
 .debug_abbrev  0x00000f63       0xc4 c:/winavr-20100110/bin/../lib/gcc/avr/4.3.3/avr5\libgcc.a(_clzsi2.o)
 .debug_abbrev  0x00001027      0x1c0 c:/winavr-20100110/bin/../lib/gcc/avr/4.3.3/avr5\libgcc.a(_pack_sf.o)
 .debug_abbrev  0x000011e7      0x154 c:/winavr-20100110/bin/../lib/gcc/avr/4.3.3/avr5\libgcc.a(_unpack_sf.o)
 .debug_abbrev  0x0000133b      0x13b c:/winavr-20100110/bin/../lib/gcc/avr/4.3.3/avr5\libgcc.a(_fpcmp_parts_sf.o)
 .debug_abbrev  0x00001476       0x6a c:/winavr-20100110/bin/../lib/gcc/avr/4.3.3/avr5\libgcc.a(_clz.o)

.debug_line     0x00000000     0x12a9
 *(.debug_line)
 .debug_line    0x00000000       0xa7 c:/winavr-20100110/bin/../lib/gcc/avr/4.3.3/avr5\libgcc.a(_fixunssfsi.o)
 .debug_line    0x000000a7      0x2af c:/winavr-20100110/bin/../lib/gcc/avr/4.3.3/avr5\libgcc.a(_addsub_sf.o)
 .debug_line    0x00000356      0x239 c:/winavr-20100110/bin/../lib/gcc/avr/4.3.3/avr5\libgcc.a(_mul_sf.o)
 .debug_line    0x0000058f      0x1d5 c:/winavr-20100110/bin/../lib/gcc/avr/4.3.3/avr5\libgcc.a(_div_sf.o)
 .debug_line    0x00000764       0xd3 c:/winavr-20100110/bin/../lib/gcc/avr/4.3.3/avr5\libgcc.a(_ne_sf.o)
 .debug_line    0x00000837       0xd3 c:/winavr-20100110/bin/../lib/gcc/avr/4.3.3/avr5\libgcc.a(_gt_sf.o)
 .debug_line    0x0000090a       0xd3 c:/winavr-20100110/bin/../lib/gcc/avr/4.3.3/avr5\libgcc.a(_ge_sf.o)
 .debug_line    0x000009dd       0xd3 c:/winavr-20100110/bin/../lib/gcc/avr/4.3.3/avr5\libgcc.a(_lt_sf.o)
 .debug_line    0x00000ab0      0x109 c:/winavr-20100110/bin/../lib/gcc/avr/4.3.3/avr5\libgcc.a(_sf_to_si.o)
 .debug_line    0x00000bb9       0x90 c:/winavr-20100110/bin/../lib/gcc/avr/4.3.3/avr5\libgcc.a(_thenan_sf.o)
 .debug_line    0x00000c49      0x133 c:/winavr-20100110/bin/../lib/gcc/avr/4.3.3/avr5\libgcc.a(_usi_to_sf.o)
 .debug_line    0x00000d7c       0xa5 c:/winavr-20100110/bin/../lib/gcc/avr/4.3.3/avr5\libgcc.a(_clzsi2.o)
 .debug_line    0x00000e21      0x18a c:/winavr-20100110/bin/../lib/gcc/avr/4.3.3/avr5\libgcc.a(_pack_sf.o)
 .debug_line    0x00000fab      0x14b c:/winavr-20100110/bin/../lib/gcc/avr/4.3.3/avr5\libgcc.a(_unpack_sf.o)
 .debug_line    0x000010f6      0x137 c:/winavr-20100110/bin/../lib/gcc/avr/4.3.3/avr5\libgcc.a(_fpcmp_parts_sf.o)
 .debug_line    0x0000122d       0x7c c:/winavr-20100110/bin/../lib/gcc/avr/4.3.3/avr5\libgcc.a(_clz.o)

.debug_frame    0x00000000      0x1e0
 *(.debug_frame)
 .debug_frame   0x00000000       0x20 c:/winavr-20100110/bin/../lib/gcc/avr/4.3.3/avr5\libgcc.a(_fixunssfsi.o)
 .debug_frame   0x00000020       0x40 c:/winavr-20100110/bin/../lib/gcc/avr/4.3.3/avr5\libgcc.a(_addsub_sf.o)
 .debug_frame   0x00000060       0x20 c:/winavr-20100110/bin/../lib/gcc/avr/4.3.3/avr5\libgcc.a(_mul_sf.o)
 .debug_frame   0x00000080       0x20 c:/winavr-20100110/bin/../lib/gcc/avr/4.3.3/avr5\libgcc.a(_div_sf.o)
 .debug_frame   0x000000a0       0x20 c:/winavr-20100110/bin/../lib/gcc/avr/4.3.3/avr5\libgcc.a(_ne_sf.o)
 .debug_frame   0x000000c0       0x20 c:/winavr-20100110/bin/../lib/gcc/avr/4.3.3/avr5\libgcc.a(_gt_sf.o)
 .debug_frame   0x000000e0       0x20 c:/winavr-20100110/bin/../lib/gcc/avr/4.3.3/avr5\libgcc.a(_ge_sf.o)
 .debug_frame   0x00000100       0x20 c:/winavr-20100110/bin/../lib/gcc/avr/4.3.3/avr5\libgcc.a(_lt_sf.o)
 .debug_frame   0x00000120       0x20 c:/winavr-20100110/bin/../lib/gcc/avr/4.3.3/avr5\libgcc.a(_sf_to_si.o)
 .debug_frame   0x00000140       0x20 c:/winavr-20100110/bin/../lib/gcc/avr/4.3.3/avr5\libgcc.a(_usi_to_sf.o)
 .debug_frame   0x00000160       0x20 c:/winavr-20100110/bin/../lib/gcc/avr/4.3.3/avr5\libgcc.a(_clzsi2.o)
 .debug_frame   0x00000180       0x20 c:/winavr-20100110/bin/../lib/gcc/avr/4.3.3/avr5\libgcc.a(_pack_sf.o)
 .debug_frame   0x000001a0       0x20 c:/winavr-20100110/bin/../lib/gcc/avr/4.3.3/avr5\libgcc.a(_unpack_sf.o)
 .debug_frame   0x000001c0       0x20 c:/winavr-20100110/bin/../lib/gcc/avr/4.3.3/avr5\libgcc.a(_fpcmp_parts_sf.o)

.debug_str      0x00000000      0x2fe
 *(.debug_str)
 .debug_str     0x00000000       0xbf c:/winavr-20100110/bin/../lib/gcc/avr/4.3.3/avr5\libgcc.a(_fixunssfsi.o)
                                 0xfe (size before relaxing)
 .debug_str     0x000000bf      0x14d c:/winavr-20100110/bin/../lib/gcc/avr/4.3.3/avr5\libgcc.a(_addsub_sf.o)
                                0x206 (size before relaxing)
 .debug_str     0x0000020c       0x27 c:/winavr-20100110/bin/../lib/gcc/avr/4.3.3/avr5\libgcc.a(_mul_sf.o)
                                0x1bf (size before relaxing)
 .debug_str     0x00000233       0x35 c:/winavr-20100110/bin/../lib/gcc/avr/4.3.3/avr5\libgcc.a(_div_sf.o)
                                0x1c8 (size before relaxing)
 .debug_str     0x00000268        0x8 c:/winavr-20100110/bin/../lib/gcc/avr/4.3.3/avr5\libgcc.a(_ne_sf.o)
                                0x195 (size before relaxing)
 .debug_str     0x00000270        0x8 c:/winavr-20100110/bin/../lib/gcc/avr/4.3.3/avr5\libgcc.a(_gt_sf.o)
                                0x195 (size before relaxing)
 .debug_str     0x00000278        0x8 c:/winavr-20100110/bin/../lib/gcc/avr/4.3.3/avr5\libgcc.a(_ge_sf.o)
                                0x195 (size before relaxing)
 .debug_str     0x00000280        0x8 c:/winavr-20100110/bin/../lib/gcc/avr/4.3.3/avr5\libgcc.a(_lt_sf.o)
                                0x195 (size before relaxing)
 .debug_str     0x00000288        0xa c:/winavr-20100110/bin/../lib/gcc/avr/4.3.3/avr5\libgcc.a(_sf_to_si.o)
                                0x19e (size before relaxing)
 .debug_str     0x00000000      0x103 c:/winavr-20100110/bin/../lib/gcc/avr/4.3.3/avr5\libgcc.a(_thenan_sf.o)
 .debug_str     0x00000292       0x21 c:/winavr-20100110/bin/../lib/gcc/avr/4.3.3/avr5\libgcc.a(_usi_to_sf.o)
                                0x177 (size before relaxing)
 .debug_str     0x000002b3       0x20 c:/winavr-20100110/bin/../lib/gcc/avr/4.3.3/avr5\libgcc.a(_clzsi2.o)
                                0x111 (size before relaxing)
 .debug_str     0x000002d3       0x10 c:/winavr-20100110/bin/../lib/gcc/avr/4.3.3/avr5\libgcc.a(_pack_sf.o)
                                0x19d (size before relaxing)
 .debug_str     0x000002e3        0xb c:/winavr-20100110/bin/../lib/gcc/avr/4.3.3/avr5\libgcc.a(_unpack_sf.o)
                                0x17f (size before relaxing)
 .debug_str     0x000002ee       0x10 c:/winavr-20100110/bin/../lib/gcc/avr/4.3.3/avr5\libgcc.a(_fpcmp_parts_sf.o)
                                0x163 (size before relaxing)
 .debug_str     0x00000000       0xf4 c:/winavr-20100110/bin/../lib/gcc/avr/4.3.3/avr5\libgcc.a(_clz.o)

.debug_loc      0x00000000      0x9aa
 *(.debug_loc)
 .debug_loc     0x00000000       0x34 c:/winavr-20100110/bin/../lib/gcc/avr/4.3.3/avr5\libgcc.a(_fixunssfsi.o)
 .debug_loc     0x00000034      0x32a c:/winavr-20100110/bin/../lib/gcc/avr/4.3.3/avr5\libgcc.a(_addsub_sf.o)
 .debug_loc     0x0000035e      0x104 c:/winavr-20100110/bin/../lib/gcc/avr/4.3.3/avr5\libgcc.a(_mul_sf.o)
 .debug_loc     0x00000462       0xc0 c:/winavr-20100110/bin/../lib/gcc/avr/4.3.3/avr5\libgcc.a(_div_sf.o)
 .debug_loc     0x00000522       0x3c c:/winavr-20100110/bin/../lib/gcc/avr/4.3.3/avr5\libgcc.a(_ne_sf.o)
 .debug_loc     0x0000055e       0x3c c:/winavr-20100110/bin/../lib/gcc/avr/4.3.3/avr5\libgcc.a(_gt_sf.o)
 .debug_loc     0x0000059a       0x3c c:/winavr-20100110/bin/../lib/gcc/avr/4.3.3/avr5\libgcc.a(_ge_sf.o)
 .debug_loc     0x000005d6       0x3c c:/winavr-20100110/bin/../lib/gcc/avr/4.3.3/avr5\libgcc.a(_lt_sf.o)
 .debug_loc     0x00000612       0x7e c:/winavr-20100110/bin/../lib/gcc/avr/4.3.3/avr5\libgcc.a(_sf_to_si.o)
 .debug_loc     0x00000690       0x4c c:/winavr-20100110/bin/../lib/gcc/avr/4.3.3/avr5\libgcc.a(_usi_to_sf.o)
 .debug_loc     0x000006dc       0x94 c:/winavr-20100110/bin/../lib/gcc/avr/4.3.3/avr5\libgcc.a(_clzsi2.o)
 .debug_loc     0x00000770      0x13e c:/winavr-20100110/bin/../lib/gcc/avr/4.3.3/avr5\libgcc.a(_pack_sf.o)
 .debug_loc     0x000008ae       0xac c:/winavr-20100110/bin/../lib/gcc/avr/4.3.3/avr5\libgcc.a(_unpack_sf.o)
 .debug_loc     0x0000095a       0x50 c:/winavr-20100110/bin/../lib/gcc/avr/4.3.3/avr5\libgcc.a(_fpcmp_parts_sf.o)

.debug_macinfo
 *(.debug_macinfo)
OUTPUT(Avr32_Drivers.elf elf32-avr)
LOAD linker stubs

.debug_ranges   0x00000000       0x50
 .debug_ranges  0x00000000       0x50 c:/winavr-20100110/bin/../lib/gcc/avr/4.3.3/avr5\libgcc.a(_mul_sf.o)
