Archive member included because of file (symbol)

c:/winavr-20100110/bin/../lib/gcc/avr/4.3.3/avr5\libgcc.a(_mulsi3.o)
                              ./MCAL/TIMER/TIMER_program.o (__mulsi3)
c:/winavr-20100110/bin/../lib/gcc/avr/4.3.3/avr5\libgcc.a(_udivmodhi4.o)
                              ./MCAL/TIMER/TIMER_program.o (__udivmodhi4)
c:/winavr-20100110/bin/../lib/gcc/avr/4.3.3/avr5\libgcc.a(_udivmodsi4.o)
                              ./MCAL/uart/UART_program.o (__udivmodsi4)
c:/winavr-20100110/bin/../lib/gcc/avr/4.3.3/avr5\libgcc.a(_divmodsi4.o)
                              ./HAL/LCD/LCD_HAL_program.o (__divmodsi4)
c:/winavr-20100110/bin/../lib/gcc/avr/4.3.3/avr5\libgcc.a(_exit.o)
                              c:/winavr-20100110/bin/../lib/gcc/avr/4.3.3/../../../../avr/lib/avr5/crtm32.o (exit)
c:/winavr-20100110/bin/../lib/gcc/avr/4.3.3/avr5\libgcc.a(_copy_data.o)
                              ./MCAL/EXTI/EXTI_config.o (__do_copy_data)
c:/winavr-20100110/bin/../lib/gcc/avr/4.3.3/avr5\libgcc.a(_clear_bss.o)
                              ./MCAL/TIMER/TIMER_program.o (__do_clear_bss)
c:/winavr-20100110/bin/../lib/gcc/avr/4.3.3/avr5\libgcc.a(_fixunssfsi.o)
                              ./MCAL/TIMER/TIMER_program.o (__fixunssfsi)
c:/winavr-20100110/bin/../lib/gcc/avr/4.3.3/avr5\libgcc.a(_addsub_sf.o)
                              ./MCAL/TIMER/TIMER_program.o (__subsf3)
c:/winavr-20100110/bin/../lib/gcc/avr/4.3.3/avr5\libgcc.a(_mul_sf.o)
                              ./MCAL/TIMER/TIMER_program.o (__mulsf3)
c:/winavr-20100110/bin/../lib/gcc/avr/4.3.3/avr5\libgcc.a(_div_sf.o)
                              ./MCAL/TIMER/TIMER_program.o (__divsf3)
c:/winavr-20100110/bin/../lib/gcc/avr/4.3.3/avr5\libgcc.a(_gt_sf.o)
                              ./MCAL/ADC/ADC_program.o (__gtsf2)
c:/winavr-20100110/bin/../lib/gcc/avr/4.3.3/avr5\libgcc.a(_ge_sf.o)
                              c:/winavr-20100110/bin/../lib/gcc/avr/4.3.3/avr5\libgcc.a(_fixunssfsi.o) (__gesf2)
c:/winavr-20100110/bin/../lib/gcc/avr/4.3.3/avr5\libgcc.a(_lt_sf.o)
                              ./MCAL/ADC/ADC_program.o (__ltsf2)
c:/winavr-20100110/bin/../lib/gcc/avr/4.3.3/avr5\libgcc.a(_sf_to_si.o)
                              c:/winavr-20100110/bin/../lib/gcc/avr/4.3.3/avr5\libgcc.a(_fixunssfsi.o) (__fixsfsi)
c:/winavr-20100110/bin/../lib/gcc/avr/4.3.3/avr5\libgcc.a(_thenan_sf.o)
                              c:/winavr-20100110/bin/../lib/gcc/avr/4.3.3/avr5\libgcc.a(_addsub_sf.o) (__thenan_sf)
c:/winavr-20100110/bin/../lib/gcc/avr/4.3.3/avr5\libgcc.a(_usi_to_sf.o)
                              ./MCAL/TIMER/TIMER_program.o (__floatunsisf)
c:/winavr-20100110/bin/../lib/gcc/avr/4.3.3/avr5\libgcc.a(_prologue.o)
                              c:/winavr-20100110/bin/../lib/gcc/avr/4.3.3/avr5\libgcc.a(_addsub_sf.o) (__prologue_saves__)
c:/winavr-20100110/bin/../lib/gcc/avr/4.3.3/avr5\libgcc.a(_epilogue.o)
                              c:/winavr-20100110/bin/../lib/gcc/avr/4.3.3/avr5\libgcc.a(_addsub_sf.o) (__epilogue_restores__)
c:/winavr-20100110/bin/../lib/gcc/avr/4.3.3/avr5\libgcc.a(_clzsi2.o)
                              c:/winavr-20100110/bin/../lib/gcc/avr/4.3.3/avr5\libgcc.a(_usi_to_sf.o) (__clzsi2)
c:/winavr-20100110/bin/../lib/gcc/avr/4.3.3/avr5\libgcc.a(_pack_sf.o)
                              c:/winavr-20100110/bin/../lib/gcc/avr/4.3.3/avr5\libgcc.a(_addsub_sf.o) (__pack_f)
c:/winavr-20100110/bin/../lib/gcc/avr/4.3.3/avr5\libgcc.a(_unpack_sf.o)
                              c:/winavr-20100110/bin/../lib/gcc/avr/4.3.3/avr5\libgcc.a(_addsub_sf.o) (__unpack_f)
c:/winavr-20100110/bin/../lib/gcc/avr/4.3.3/avr5\libgcc.a(_fpcmp_parts_sf.o)
                              c:/winavr-20100110/bin/../lib/gcc/avr/4.3.3/avr5\libgcc.a(_gt_sf.o) (__fpcmp_parts_f)
c:/winavr-20100110/bin/../lib/gcc/avr/4.3.3/avr5\libgcc.a(_clz.o)
                              c:/winavr-20100110/bin/../lib/gcc/avr/4.3.3/avr5\libgcc.a(_clzsi2.o) (__clz_tab)
c:/winavr-20100110/bin/../lib/gcc/avr/4.3.3/../../../../avr/lib/avr5\libc.a(round.o)
                              ./MCAL/TIMER/TIMER_program.o (round)
c:/winavr-20100110/bin/../lib/gcc/avr/4.3.3/../../../../avr/lib/avr5\libc.a(fp_mintl.o)
                              c:/winavr-20100110/bin/../lib/gcc/avr/4.3.3/../../../../avr/lib/avr5\libc.a(round.o) (__fp_mintl)
c:/winavr-20100110/bin/../lib/gcc/avr/4.3.3/../../../../avr/lib/avr5\libc.a(fp_mpack.o)
                              c:/winavr-20100110/bin/../lib/gcc/avr/4.3.3/../../../../avr/lib/avr5\libc.a(round.o) (__fp_mpack)
c:/winavr-20100110/bin/../lib/gcc/avr/4.3.3/../../../../avr/lib/avr5\libc.a(fp_split3.o)
                              c:/winavr-20100110/bin/../lib/gcc/avr/4.3.3/../../../../avr/lib/avr5\libc.a(round.o) (__fp_splitA)
c:/winavr-20100110/bin/../lib/gcc/avr/4.3.3/../../../../avr/lib/avr5\libc.a(fp_zero.o)
                              c:/winavr-20100110/bin/../lib/gcc/avr/4.3.3/../../../../avr/lib/avr5\libc.a(round.o) (__fp_szero)

Memory Configuration

Name             Origin             Length             Attributes
text             0x00000000         0x00020000         xr
data             0x00800060         0x0000ffa0         rw !x
eeprom           0x00810000         0x00010000         rw !x
fuse             0x00820000         0x00000400         rw !x
lock             0x00830000         0x00000400         rw !x
signature        0x00840000         0x00000400         rw !x
*default*        0x00000000         0xffffffff

Linker script and memory map

LOAD c:/winavr-20100110/bin/../lib/gcc/avr/4.3.3/../../../../avr/lib/avr5/crtm32.o
LOAD ./MCAL/uart/UART_program.o
LOAD ./MCAL/TWI/TWI_program.o
LOAD ./MCAL/TIMER/TIMER_program.o
LOAD ./MCAL/SPI/SPI_program.o
LOAD ./MCAL/GIE/GIE_program.o
LOAD ./MCAL/EXTI/EXTI_config.o
LOAD ./MCAL/EXTI/EXTI_program.o
LOAD ./MCAL/DIO/DIO_program.o
LOAD ./MCAL/ADC/ADC_program.o
LOAD ./HAL/ultraSonic/ultraSonic_program.o
LOAD ./HAL/keypad/keypad_HAL_program.o
LOAD ./HAL/LED/LED_Program.o
LOAD ./HAL/LCD/LCD_HAL_program.o
LOAD ./HAL/EEPROM/EEPROM_program.o
LOAD ./HAL/BUZZER/BUZZER_Program.o
LOAD ./main.o
LOAD c:/winavr-20100110/bin/../lib/gcc/avr/4.3.3/avr5\libgcc.a
LOAD c:/winavr-20100110/bin/../lib/gcc/avr/4.3.3/../../../../avr/lib/avr5\libc.a
LOAD c:/winavr-20100110/bin/../lib/gcc/avr/4.3.3/avr5\libgcc.a

.hash
 *(.hash)

.dynsym
 *(.dynsym)

.dynstr
 *(.dynstr)

.gnu.version
 *(.gnu.version)

.gnu.version_d
 *(.gnu.version_d)

.gnu.version_r
 *(.gnu.version_r)

.rel.init
 *(.rel.init)

.rela.init
 *(.rela.init)

.rel.text
 *(.rel.text)
 *(.rel.text.*)
 *(.rel.gnu.linkonce.t*)

.rela.text
 *(.rela.text)
 *(.rela.text.*)
 *(.rela.gnu.linkonce.t*)

.rel.fini
 *(.rel.fini)

.rela.fini
 *(.rela.fini)

.rel.rodata
 *(.rel.rodata)
 *(.rel.rodata.*)
 *(.rel.gnu.linkonce.r*)

.rela.rodata
 *(.rela.rodata)
 *(.rela.rodata.*)
 *(.rela.gnu.linkonce.r*)

.rel.data
 *(.rel.data)
 *(.rel.data.*)
 *(.rel.gnu.linkonce.d*)

.rela.data
 *(.rela.data)
 *(.rela.data.*)
 *(.rela.gnu.linkonce.d*)

.rel.ctors
 *(.rel.ctors)

.rela.ctors
 *(.rela.ctors)

.rel.dtors
 *(.rel.dtors)

.rela.dtors
 *(.rela.dtors)

.rel.got
 *(.rel.got)

.rela.got
 *(.rela.got)

.rel.bss
 *(.rel.bss)

.rela.bss
 *(.rela.bss)

.rel.plt
 *(.rel.plt)

.rela.plt
 *(.rela.plt)

.text           0x00000000     0x4e64
 *(.vectors)
 .vectors       0x00000000       0x54 c:/winavr-20100110/bin/../lib/gcc/avr/4.3.3/../../../../avr/lib/avr5/crtm32.o
                0x00000000                __vectors
                0x00000000                __vector_default
 *(.vectors)
 *(.progmem.gcc*)
 *(.progmem*)
                0x00000054                . = ALIGN (0x2)
                0x00000054                __trampolines_start = .
 *(.trampolines)
 .trampolines   0x00000054        0x0 linker stubs
 *(.trampolines*)
                0x00000054                __trampolines_end = .
 *(.jumptables)
 *(.jumptables*)
 *(.lowtext)
 *(.lowtext*)
                0x00000054                __ctors_start = .
 *(.ctors)
                0x00000054                __ctors_end = .
                0x00000054                __dtors_start = .
 *(.dtors)
                0x00000054                __dtors_end = .
 SORT(*)(.ctors)
 SORT(*)(.dtors)
 *(.init0)
 .init0         0x00000054        0x0 c:/winavr-20100110/bin/../lib/gcc/avr/4.3.3/../../../../avr/lib/avr5/crtm32.o
                0x00000054                __init
 *(.init0)
 *(.init1)
 *(.init1)
 *(.init2)
 .init2         0x00000054        0xc c:/winavr-20100110/bin/../lib/gcc/avr/4.3.3/../../../../avr/lib/avr5/crtm32.o
 *(.init2)
 *(.init3)
 *(.init3)
 *(.init4)
 .init4         0x00000060       0x16 c:/winavr-20100110/bin/../lib/gcc/avr/4.3.3/avr5\libgcc.a(_copy_data.o)
                0x00000060                __do_copy_data
 .init4         0x00000076       0x10 c:/winavr-20100110/bin/../lib/gcc/avr/4.3.3/avr5\libgcc.a(_clear_bss.o)
                0x00000076                __do_clear_bss
 *(.init4)
 *(.init5)
 *(.init5)
 *(.init6)
 *(.init6)
 *(.init7)
 *(.init7)
 *(.init8)
 *(.init8)
 *(.init9)
 .init9         0x00000086        0x8 c:/winavr-20100110/bin/../lib/gcc/avr/4.3.3/../../../../avr/lib/avr5/crtm32.o
 *(.init9)
 *(.text)
 .text          0x0000008e        0x4 c:/winavr-20100110/bin/../lib/gcc/avr/4.3.3/../../../../avr/lib/avr5/crtm32.o
                0x0000008e                __vector_12
                0x0000008e                __bad_interrupt
                0x0000008e                __vector_6
                0x0000008e                __vector_13
                0x0000008e                __vector_17
                0x0000008e                __vector_19
                0x0000008e                __vector_15
                0x0000008e                __vector_8
                0x0000008e                __vector_14
                0x0000008e                __vector_18
                0x0000008e                __vector_20
 .text          0x00000092        0x0 ./MCAL/uart/UART_program.o
 .text          0x00000092        0x0 ./MCAL/TWI/TWI_program.o
 .text          0x00000092        0x0 ./MCAL/TIMER/TIMER_program.o
 .text          0x00000092        0x0 ./MCAL/SPI/SPI_program.o
 .text          0x00000092        0x0 ./MCAL/GIE/GIE_program.o
 .text          0x00000092        0x0 ./MCAL/EXTI/EXTI_config.o
 .text          0x00000092        0x0 ./MCAL/EXTI/EXTI_program.o
 .text          0x00000092        0x0 ./MCAL/DIO/DIO_program.o
 .text          0x00000092        0x0 ./MCAL/ADC/ADC_program.o
 .text          0x00000092        0x0 ./HAL/ultraSonic/ultraSonic_program.o
 .text          0x00000092        0x0 ./HAL/keypad/keypad_HAL_program.o
 .text          0x00000092        0x0 ./HAL/LED/LED_Program.o
 .text          0x00000092        0x0 ./HAL/LCD/LCD_HAL_program.o
 .text          0x00000092        0x0 ./HAL/EEPROM/EEPROM_program.o
 .text          0x00000092        0x0 ./HAL/BUZZER/BUZZER_Program.o
 .text          0x00000092        0x0 ./main.o
 .text          0x00000092        0x0 c:/winavr-20100110/bin/../lib/gcc/avr/4.3.3/avr5\libgcc.a(_mulsi3.o)
 .text          0x00000092        0x0 c:/winavr-20100110/bin/../lib/gcc/avr/4.3.3/avr5\libgcc.a(_udivmodhi4.o)
 .text          0x00000092        0x0 c:/winavr-20100110/bin/../lib/gcc/avr/4.3.3/avr5\libgcc.a(_udivmodsi4.o)
 .text          0x00000092        0x0 c:/winavr-20100110/bin/../lib/gcc/avr/4.3.3/avr5\libgcc.a(_divmodsi4.o)
 .text          0x00000092        0x0 c:/winavr-20100110/bin/../lib/gcc/avr/4.3.3/avr5\libgcc.a(_exit.o)
 .text          0x00000092        0x0 c:/winavr-20100110/bin/../lib/gcc/avr/4.3.3/avr5\libgcc.a(_copy_data.o)
 .text          0x00000092        0x0 c:/winavr-20100110/bin/../lib/gcc/avr/4.3.3/avr5\libgcc.a(_clear_bss.o)
 .text          0x00000092       0x58 c:/winavr-20100110/bin/../lib/gcc/avr/4.3.3/avr5\libgcc.a(_fixunssfsi.o)
                0x00000092                __fixunssfsi
 .text          0x000000ea      0x354 c:/winavr-20100110/bin/../lib/gcc/avr/4.3.3/avr5\libgcc.a(_addsub_sf.o)
                0x00000382                __subsf3
                0x000003e4                __addsf3
 .text          0x0000043e      0x1f4 c:/winavr-20100110/bin/../lib/gcc/avr/4.3.3/avr5\libgcc.a(_mul_sf.o)
                0x0000043e                __mulsf3
 .text          0x00000632      0x158 c:/winavr-20100110/bin/../lib/gcc/avr/4.3.3/avr5\libgcc.a(_div_sf.o)
                0x00000632                __divsf3
 .text          0x0000078a       0x60 c:/winavr-20100110/bin/../lib/gcc/avr/4.3.3/avr5\libgcc.a(_gt_sf.o)
                0x0000078a                __gtsf2
 .text          0x000007ea       0x60 c:/winavr-20100110/bin/../lib/gcc/avr/4.3.3/avr5\libgcc.a(_ge_sf.o)
                0x000007ea                __gesf2
 .text          0x0000084a       0x60 c:/winavr-20100110/bin/../lib/gcc/avr/4.3.3/avr5\libgcc.a(_lt_sf.o)
                0x0000084a                __ltsf2
 .text          0x000008aa       0xa8 c:/winavr-20100110/bin/../lib/gcc/avr/4.3.3/avr5\libgcc.a(_sf_to_si.o)
                0x000008aa                __fixsfsi
 .text          0x00000952        0x0 c:/winavr-20100110/bin/../lib/gcc/avr/4.3.3/avr5\libgcc.a(_thenan_sf.o)
 .text          0x00000952       0xf2 c:/winavr-20100110/bin/../lib/gcc/avr/4.3.3/avr5\libgcc.a(_usi_to_sf.o)
                0x00000952                __floatunsisf
 .text          0x00000a44        0x0 c:/winavr-20100110/bin/../lib/gcc/avr/4.3.3/avr5\libgcc.a(_prologue.o)
 .text          0x00000a44        0x0 c:/winavr-20100110/bin/../lib/gcc/avr/4.3.3/avr5\libgcc.a(_epilogue.o)
 .text          0x00000a44       0x9e c:/winavr-20100110/bin/../lib/gcc/avr/4.3.3/avr5\libgcc.a(_clzsi2.o)
                0x00000a44                __clzsi2
 .text          0x00000ae2      0x1aa c:/winavr-20100110/bin/../lib/gcc/avr/4.3.3/avr5\libgcc.a(_pack_sf.o)
                0x00000ae2                __pack_f
 .text          0x00000c8c       0xf0 c:/winavr-20100110/bin/../lib/gcc/avr/4.3.3/avr5\libgcc.a(_unpack_sf.o)
                0x00000c8c                __unpack_f
 .text          0x00000d7c       0xb2 c:/winavr-20100110/bin/../lib/gcc/avr/4.3.3/avr5\libgcc.a(_fpcmp_parts_sf.o)
                0x00000d7c                __fpcmp_parts_f
 .text          0x00000e2e        0x0 c:/winavr-20100110/bin/../lib/gcc/avr/4.3.3/avr5\libgcc.a(_clz.o)
 .text          0x00000e2e        0x0 c:/winavr-20100110/bin/../lib/gcc/avr/4.3.3/../../../../avr/lib/avr5\libc.a(round.o)
 .text          0x00000e2e        0x0 c:/winavr-20100110/bin/../lib/gcc/avr/4.3.3/../../../../avr/lib/avr5\libc.a(fp_mintl.o)
 .text          0x00000e2e        0x0 c:/winavr-20100110/bin/../lib/gcc/avr/4.3.3/../../../../avr/lib/avr5\libc.a(fp_mpack.o)
 .text          0x00000e2e        0x0 c:/winavr-20100110/bin/../lib/gcc/avr/4.3.3/../../../../avr/lib/avr5\libc.a(fp_split3.o)
 .text          0x00000e2e        0x0 c:/winavr-20100110/bin/../lib/gcc/avr/4.3.3/../../../../avr/lib/avr5\libc.a(fp_zero.o)
                0x00000e2e                . = ALIGN (0x2)
 *(.text.*)
 .text.UART_vidInit
                0x00000e2e       0xc8 ./MCAL/uart/UART_program.o
                0x00000e2e                UART_vidInit
 .text.UART_enuSendChar
                0x00000ef6       0x3e ./MCAL/uart/UART_program.o
                0x00000ef6                UART_enuSendChar
 .text.UART_enuSendString
                0x00000f34       0x5c ./MCAL/uart/UART_program.o
                0x00000f34                UART_enuSendString
 .text.UART_enuRecieveChar
                0x00000f90       0x4e ./MCAL/uart/UART_program.o
                0x00000f90                UART_enuRecieveChar
 .text.UART_enuRecieveString
                0x00000fde       0x58 ./MCAL/uart/UART_program.o
                0x00000fde                UART_enuRecieveString
 .text.UART_setBaudRate
                0x00001036       0x8e ./MCAL/uart/UART_program.o
                0x00001036                UART_setBaudRate
 .text.TWI_enuInit
                0x000010c4       0x52 ./MCAL/TWI/TWI_program.o
                0x000010c4                TWI_enuInit
 .text.TWI_enuStartCondition
                0x00001116       0x40 ./MCAL/TWI/TWI_program.o
                0x00001116                TWI_enuStartCondition
 .text.TWI_enuRepeatStartCondition
                0x00001156       0x40 ./MCAL/TWI/TWI_program.o
                0x00001156                TWI_enuRepeatStartCondition
 .text.TWI_enuStopCondition
                0x00001196       0x22 ./MCAL/TWI/TWI_program.o
                0x00001196                TWI_enuStopCondition
 .text.TWI_enuSetSlaveOperation
                0x000011b8       0x86 ./MCAL/TWI/TWI_program.o
                0x000011b8                TWI_enuSetSlaveOperation
 .text.TWI_enuWriteData
                0x0000123e       0x4c ./MCAL/TWI/TWI_program.o
                0x0000123e                TWI_enuWriteData
 .text.TWI_enuReadData
                0x0000128a       0x76 ./MCAL/TWI/TWI_program.o
                0x0000128a                TWI_enuReadData
 .text.TWI_enuCheckMyAddress
                0x00001300       0x60 ./MCAL/TWI/TWI_program.o
                0x00001300                TWI_enuCheckMyAddress
 .text.TIMER0_voidInit
                0x00001360       0x7e ./MCAL/TIMER/TIMER_program.o
                0x00001360                TIMER0_voidInit
 .text.TIMER0_voidStart
                0x000013de        0xe ./MCAL/TIMER/TIMER_program.o
                0x000013de                TIMER0_voidStart
 .text.TIMER0_voidStop
                0x000013ec        0xe ./MCAL/TIMER/TIMER_program.o
                0x000013ec                TIMER0_voidStop
 .text.TIMER0_voidScheduleTask
                0x000013fa      0x148 ./MCAL/TIMER/TIMER_program.o
                0x000013fa                TIMER0_voidScheduleTask
 .text.TIMER0_voidSetPWM
                0x00001542       0x30 ./MCAL/TIMER/TIMER_program.o
                0x00001542                TIMER0_voidSetPWM
 .text.TIMER1_voidInit
                0x00001572       0x9a ./MCAL/TIMER/TIMER_program.o
                0x00001572                TIMER1_voidInit
 .text.Timer1_SetupForTimeMeasurement
                0x0000160c      0x150 ./MCAL/TIMER/TIMER_program.o
                0x0000160c                Timer1_SetupForTimeMeasurement
 .text.TIMER1_u16ReadCount
                0x0000175c       0x16 ./MCAL/TIMER/TIMER_program.o
                0x0000175c                TIMER1_u16ReadCount
 .text.TIMER1_voidStart
                0x00001772        0xe ./MCAL/TIMER/TIMER_program.o
                0x00001772                TIMER1_voidStart
 .text.TIMER1_voidStop
                0x00001780        0xe ./MCAL/TIMER/TIMER_program.o
                0x00001780                TIMER1_voidStop
 .text.TIMER1_voidScheduleTask
                0x0000178e      0x162 ./MCAL/TIMER/TIMER_program.o
                0x0000178e                TIMER1_voidScheduleTask
 .text.TIMER1_voidSetPWM
                0x000018f0       0x7a ./MCAL/TIMER/TIMER_program.o
                0x000018f0                TIMER1_voidSetPWM
 .text.TIMER1_voidSetPWM_16bit
                0x0000196a      0x1d8 ./MCAL/TIMER/TIMER_program.o
                0x0000196a                TIMER1_voidSetPWM_16bit
 .text.TIMER2_voidInit
                0x00001b42       0x7e ./MCAL/TIMER/TIMER_program.o
                0x00001b42                TIMER2_voidInit
 .text.TIMER2_voidStart
                0x00001bc0        0xe ./MCAL/TIMER/TIMER_program.o
                0x00001bc0                TIMER2_voidStart
 .text.TIMER2_voidStop
                0x00001bce        0xe ./MCAL/TIMER/TIMER_program.o
                0x00001bce                TIMER2_voidStop
 .text.TIMER2_voidScheduleTask
                0x00001bdc      0x148 ./MCAL/TIMER/TIMER_program.o
                0x00001bdc                TIMER2_voidScheduleTask
 .text.TIMER2_voidSetPWM
                0x00001d24       0x30 ./MCAL/TIMER/TIMER_program.o
                0x00001d24                TIMER2_voidSetPWM
 .text.TIMER_voidWDTSleep
                0x00001d54       0x2e ./MCAL/TIMER/TIMER_program.o
                0x00001d54                TIMER_voidWDTSleep
 .text.TIMER_voidWDTEnable
                0x00001d82       0x2c ./MCAL/TIMER/TIMER_program.o
                0x00001d82                TIMER_voidWDTEnable
 .text.TIMER_voidWDTDisable
                0x00001dae       0x24 ./MCAL/TIMER/TIMER_program.o
                0x00001dae                TIMER_voidWDTDisable
 .text.__vector_11
                0x00001dd2       0xba ./MCAL/TIMER/TIMER_program.o
                0x00001dd2                __vector_11
 .text.__vector_10
                0x00001e8c       0xba ./MCAL/TIMER/TIMER_program.o
                0x00001e8c                __vector_10
 .text.__vector_9
                0x00001f46       0xba ./MCAL/TIMER/TIMER_program.o
                0x00001f46                __vector_9
 .text.__vector_7
                0x00002000       0xba ./MCAL/TIMER/TIMER_program.o
                0x00002000                __vector_7
 .text.__vector_5
                0x000020ba       0xba ./MCAL/TIMER/TIMER_program.o
                0x000020ba                __vector_5
 .text.__vector_4
                0x00002174       0xba ./MCAL/TIMER/TIMER_program.o
                0x00002174                __vector_4
 .text.SPI_vidInit
                0x0000222e       0x98 ./MCAL/SPI/SPI_program.o
                0x0000222e                SPI_vidInit
 .text.SPI_enuMasterTransmit_Char
                0x000022c6       0x3e ./MCAL/SPI/SPI_program.o
                0x000022c6                SPI_enuMasterTransmit_Char
 .text.SPI_enuMasterTransmit_String
                0x00002304       0x56 ./MCAL/SPI/SPI_program.o
                0x00002304                SPI_enuMasterTransmit_String
 .text.SPI_enuSlaveReceive_Char
                0x0000235a       0x4a ./MCAL/SPI/SPI_program.o
                0x0000235a                SPI_enuSlaveReceive_Char
 .text.SPI_enuSlaveReceive_String
                0x000023a4       0x78 ./MCAL/SPI/SPI_program.o
                0x000023a4                SPI_enuSlaveReceive_String
 .text.flipBits
                0x0000241c       0x80 ./MCAL/SPI/SPI_program.o
 .text.GIE_enuEnable
                0x0000249c       0x32 ./MCAL/GIE/GIE_program.o
                0x0000249c                GIE_enuEnable
 .text.GIE_enuDisable
                0x000024ce       0x32 ./MCAL/GIE/GIE_program.o
                0x000024ce                GIE_enuDisable
 .text.EXTI_enuInit
                0x00002500      0x2a8 ./MCAL/EXTI/EXTI_program.o
                0x00002500                EXTI_enuInit
 .text.EXTI_enuEnableInterrupt
                0x000027a8       0x78 ./MCAL/EXTI/EXTI_program.o
                0x000027a8                EXTI_enuEnableInterrupt
 .text.EXTI_enuDisableInterrupt
                0x00002820       0x8c ./MCAL/EXTI/EXTI_program.o
                0x00002820                EXTI_enuDisableInterrupt
 .text.EXTI_enuSetSenseLevel
                0x000028ac      0x21e ./MCAL/EXTI/EXTI_program.o
                0x000028ac                EXTI_enuSetSenseLevel
 .text.EXTI_enuSetCallBack
                0x00002aca       0x6a ./MCAL/EXTI/EXTI_program.o
                0x00002aca                EXTI_enuSetCallBack
 .text.__vector_1
                0x00002b34       0x66 ./MCAL/EXTI/EXTI_program.o
                0x00002b34                __vector_1
 .text.__vector_2
                0x00002b9a       0x66 ./MCAL/EXTI/EXTI_program.o
                0x00002b9a                __vector_2
 .text.__vector_3
                0x00002c00       0x66 ./MCAL/EXTI/EXTI_program.o
                0x00002c00                __vector_3
 .text.DIO_enuInit
                0x00002c66       0x56 ./MCAL/DIO/DIO_program.o
                0x00002c66                DIO_enuInit
 .text.DIO_enuSetPinDirection
                0x00002cbc      0x1f8 ./MCAL/DIO/DIO_program.o
                0x00002cbc                DIO_enuSetPinDirection
 .text.DIO_enuSetPinValue
                0x00002eb4      0x1f8 ./MCAL/DIO/DIO_program.o
                0x00002eb4                DIO_enuSetPinValue
 .text.DIO_enuGetPinValue
                0x000030ac      0x142 ./MCAL/DIO/DIO_program.o
                0x000030ac                DIO_enuGetPinValue
 .text.DIO_enuTogglePinValue
                0x000031ee      0x122 ./MCAL/DIO/DIO_program.o
                0x000031ee                DIO_enuTogglePinValue
 .text.DIO_enuSetPortDirection
                0x00003310       0xe2 ./MCAL/DIO/DIO_program.o
                0x00003310                DIO_enuSetPortDirection
 .text.DIO_enuSetPortValue
                0x000033f2       0xe2 ./MCAL/DIO/DIO_program.o
                0x000033f2                DIO_enuSetPortValue
 .text.ADC_enuInit
                0x000034d4      0x178 ./MCAL/ADC/ADC_program.o
                0x000034d4                ADC_enuInit
 .text.ADC_enuStartConversion
                0x0000364c       0x46 ./MCAL/ADC/ADC_program.o
                0x0000364c                ADC_enuStartConversion
 .text.ADC_GetResult
                0x00003692       0x16 ./MCAL/ADC/ADC_program.o
                0x00003692                ADC_GetResult
 .text.ADC_enuSetCallBack
                0x000036a8       0x44 ./MCAL/ADC/ADC_program.o
                0x000036a8                ADC_enuSetCallBack
 .text.__vector_16
                0x000036ec       0x66 ./MCAL/ADC/ADC_program.o
                0x000036ec                __vector_16
 .text.ultraSonic_enuInit
                0x00003752       0x70 ./HAL/ultraSonic/ultraSonic_program.o
                0x00003752                ultraSonic_enuInit
 .text.ultraSonic_u16GetDistance
                0x000037c2      0x268 ./HAL/ultraSonic/ultraSonic_program.o
                0x000037c2                ultraSonic_u16GetDistance
 .text.keypad_enuInit
                0x00003a2a       0xba ./HAL/keypad/keypad_HAL_program.o
                0x00003a2a                keypad_enuInit
 .text.LCD_vidSetRowPattern
                0x00003ae4       0xc0 ./HAL/keypad/keypad_HAL_program.o
 .text.keypad_enuGetPressedKey
                0x00003ba4      0x138 ./HAL/keypad/keypad_HAL_program.o
                0x00003ba4                keypad_enuGetPressedKey
 .text.LCD_enuInit
                0x00003cdc      0x440 ./HAL/LCD/LCD_HAL_program.o
                0x00003cdc                LCD_enuInit
 .text.WriteNLatch
                0x0000411c      0x2cc ./HAL/LCD/LCD_HAL_program.o
 .text.LCD_enuSendData
                0x000043e8       0x34 ./HAL/LCD/LCD_HAL_program.o
                0x000043e8                LCD_enuSendData
 .text.LCD_enuSendCommand
                0x0000441c       0x38 ./HAL/LCD/LCD_HAL_program.o
                0x0000441c                LCD_enuSendCommand
 .text.LCD_u8SendString
                0x00004454       0x74 ./HAL/LCD/LCD_HAL_program.o
                0x00004454                LCD_u8SendString
 .text.LCD_enuIntegerToString
                0x000044c8      0x1ae ./HAL/LCD/LCD_HAL_program.o
                0x000044c8                LCD_enuIntegerToString
 .text.LCD_u8SetPosXY
                0x00004676       0x86 ./HAL/LCD/LCD_HAL_program.o
                0x00004676                LCD_u8SetPosXY
 .text.LCD_u8StoreCustomChar
                0x000046fc       0x98 ./HAL/LCD/LCD_HAL_program.o
                0x000046fc                LCD_u8StoreCustomChar
 .text.LCD_u8DisplayCustomChar
                0x00004794       0x36 ./HAL/LCD/LCD_HAL_program.o
                0x00004794                LCD_u8DisplayCustomChar
 .text.EEPROM_enuInit
                0x000047ca       0x1a ./HAL/EEPROM/EEPROM_program.o
                0x000047ca                EEPROM_enuInit
 .text.EEPROM_enuWriteData
                0x000047e4      0x17a ./HAL/EEPROM/EEPROM_program.o
                0x000047e4                EEPROM_enuWriteData
 .text.EEPROM_enuReadData
                0x0000495e       0x9c ./HAL/EEPROM/EEPROM_program.o
                0x0000495e                EEPROM_enuReadData
 .text.EEPROM_WriteDataSequence
                0x000049fa       0x90 ./HAL/EEPROM/EEPROM_program.o
                0x000049fa                EEPROM_WriteDataSequence
 .text.EEPROM_SearchForFlag
                0x00004a8a       0x58 ./HAL/EEPROM/EEPROM_program.o
                0x00004a8a                EEPROM_SearchForFlag
 .text.EEPROM_Format
                0x00004ae2       0x7c ./HAL/EEPROM/EEPROM_program.o
                0x00004ae2                EEPROM_Format
 .text.Buzzer_voidInit
                0x00004b5e       0x2c ./HAL/BUZZER/BUZZER_Program.o
                0x00004b5e                Buzzer_voidInit
 .text.Buzzer_voidON
                0x00004b8a       0x2c ./HAL/BUZZER/BUZZER_Program.o
                0x00004b8a                Buzzer_voidON
 .text.Buzzer_voidOFF
                0x00004bb6       0x2c ./HAL/BUZZER/BUZZER_Program.o
                0x00004bb6                Buzzer_voidOFF
 .text.Buzzer_voidTOGGLE
                0x00004be2       0x2a ./HAL/BUZZER/BUZZER_Program.o
                0x00004be2                Buzzer_voidTOGGLE
 .text.main     0x00004c0c       0x22 ./main.o
                0x00004c0c                main
 .text.libgcc   0x00004c2e       0x3e c:/winavr-20100110/bin/../lib/gcc/avr/4.3.3/avr5\libgcc.a(_mulsi3.o)
                0x00004c2e                __mulsi3
 .text.libgcc   0x00004c6c       0x28 c:/winavr-20100110/bin/../lib/gcc/avr/4.3.3/avr5\libgcc.a(_udivmodhi4.o)
                0x00004c6c                __udivmodhi4
 .text.libgcc   0x00004c94       0x44 c:/winavr-20100110/bin/../lib/gcc/avr/4.3.3/avr5\libgcc.a(_udivmodsi4.o)
                0x00004c94                __udivmodsi4
 .text.libgcc   0x00004cd8       0x36 c:/winavr-20100110/bin/../lib/gcc/avr/4.3.3/avr5\libgcc.a(_divmodsi4.o)
                0x00004cd8                __divmodsi4
 .text.libgcc   0x00004d0e        0x0 c:/winavr-20100110/bin/../lib/gcc/avr/4.3.3/avr5\libgcc.a(_exit.o)
 .text.libgcc   0x00004d0e        0x0 c:/winavr-20100110/bin/../lib/gcc/avr/4.3.3/avr5\libgcc.a(_copy_data.o)
 .text.libgcc   0x00004d0e        0x0 c:/winavr-20100110/bin/../lib/gcc/avr/4.3.3/avr5\libgcc.a(_clear_bss.o)
 .text.libgcc   0x00004d0e       0x38 c:/winavr-20100110/bin/../lib/gcc/avr/4.3.3/avr5\libgcc.a(_prologue.o)
                0x00004d0e                __prologue_saves__
 .text.libgcc   0x00004d46       0x36 c:/winavr-20100110/bin/../lib/gcc/avr/4.3.3/avr5\libgcc.a(_epilogue.o)
                0x00004d46                __epilogue_restores__
 .text.avr-libc.fplib
                0x00004d7c       0x40 c:/winavr-20100110/bin/../lib/gcc/avr/4.3.3/../../../../avr/lib/avr5\libc.a(round.o)
                0x00004d7c                round
 .text.avr-libc.fplib
                0x00004dbc       0x36 c:/winavr-20100110/bin/../lib/gcc/avr/4.3.3/../../../../avr/lib/avr5\libc.a(fp_mintl.o)
                0x00004dbc                __fp_mintl
 .text.avr-libc.fplib
                0x00004df2       0x1c c:/winavr-20100110/bin/../lib/gcc/avr/4.3.3/../../../../avr/lib/avr5\libc.a(fp_mpack.o)
                0x00004df6                __fp_mpack_finite
                0x00004df2                __fp_mpack
 .text.avr-libc.fplib
                0x00004e0e       0x44 c:/winavr-20100110/bin/../lib/gcc/avr/4.3.3/../../../../avr/lib/avr5\libc.a(fp_split3.o)
                0x00004e0e                __fp_split3
                0x00004e1e                __fp_splitA
 .text.avr-libc.fplib
                0x00004e52        0xe c:/winavr-20100110/bin/../lib/gcc/avr/4.3.3/../../../../avr/lib/avr5\libc.a(fp_zero.o)
                0x00004e52                __fp_zero
                0x00004e54                __fp_szero
                0x00004e60                . = ALIGN (0x2)
 *(.fini9)
 .fini9         0x00004e60        0x0 c:/winavr-20100110/bin/../lib/gcc/avr/4.3.3/avr5\libgcc.a(_exit.o)
                0x00004e60                exit
                0x00004e60                _exit
 *(.fini9)
 *(.fini8)
 *(.fini8)
 *(.fini7)
 *(.fini7)
 *(.fini6)
 *(.fini6)
 *(.fini5)
 *(.fini5)
 *(.fini4)
 *(.fini4)
 *(.fini3)
 *(.fini3)
 *(.fini2)
 *(.fini2)
 *(.fini1)
 *(.fini1)
 *(.fini0)
 .fini0         0x00004e60        0x4 c:/winavr-20100110/bin/../lib/gcc/avr/4.3.3/avr5\libgcc.a(_exit.o)
 *(.fini0)
                0x00004e64                _etext = .

.data           0x00800060      0x11e load address 0x00004e64
                0x00800060                PROVIDE (__data_start, .)
 *(.data)
 .data          0x00800060        0x0 c:/winavr-20100110/bin/../lib/gcc/avr/4.3.3/../../../../avr/lib/avr5/crtm32.o
 .data          0x00800060        0x0 ./MCAL/uart/UART_program.o
 .data          0x00800060        0x0 ./MCAL/TWI/TWI_program.o
 .data          0x00800060        0x0 ./MCAL/TIMER/TIMER_program.o
 .data          0x00800060        0x0 ./MCAL/SPI/SPI_program.o
 .data          0x00800060        0x0 ./MCAL/GIE/GIE_program.o
 .data          0x00800060        0x0 ./MCAL/EXTI/EXTI_config.o
 .data          0x00800060        0x0 ./MCAL/EXTI/EXTI_program.o
 .data          0x00800060        0x0 ./MCAL/DIO/DIO_program.o
 .data          0x00800060        0x0 ./MCAL/ADC/ADC_program.o
 .data          0x00800060        0x0 ./HAL/ultraSonic/ultraSonic_program.o
 .data          0x00800060        0x0 ./HAL/keypad/keypad_HAL_program.o
 .data          0x00800060        0x0 ./HAL/LED/LED_Program.o
 .data          0x00800060        0x0 ./HAL/LCD/LCD_HAL_program.o
 .data          0x00800060        0x0 ./HAL/EEPROM/EEPROM_program.o
 .data          0x00800060        0x0 ./HAL/BUZZER/BUZZER_Program.o
 .data          0x00800060        0x0 ./main.o
 .data          0x00800060        0x0 c:/winavr-20100110/bin/../lib/gcc/avr/4.3.3/avr5\libgcc.a(_mulsi3.o)
 .data          0x00800060        0x0 c:/winavr-20100110/bin/../lib/gcc/avr/4.3.3/avr5\libgcc.a(_udivmodhi4.o)
 .data          0x00800060        0x0 c:/winavr-20100110/bin/../lib/gcc/avr/4.3.3/avr5\libgcc.a(_udivmodsi4.o)
 .data          0x00800060        0x0 c:/winavr-20100110/bin/../lib/gcc/avr/4.3.3/avr5\libgcc.a(_divmodsi4.o)
 .data          0x00800060        0x0 c:/winavr-20100110/bin/../lib/gcc/avr/4.3.3/avr5\libgcc.a(_exit.o)
 .data          0x00800060        0x0 c:/winavr-20100110/bin/../lib/gcc/avr/4.3.3/avr5\libgcc.a(_copy_data.o)
 .data          0x00800060        0x0 c:/winavr-20100110/bin/../lib/gcc/avr/4.3.3/avr5\libgcc.a(_clear_bss.o)
 .data          0x00800060        0x0 c:/winavr-20100110/bin/../lib/gcc/avr/4.3.3/avr5\libgcc.a(_fixunssfsi.o)
 .data          0x00800060        0x0 c:/winavr-20100110/bin/../lib/gcc/avr/4.3.3/avr5\libgcc.a(_addsub_sf.o)
 .data          0x00800060        0x0 c:/winavr-20100110/bin/../lib/gcc/avr/4.3.3/avr5\libgcc.a(_mul_sf.o)
 .data          0x00800060        0x0 c:/winavr-20100110/bin/../lib/gcc/avr/4.3.3/avr5\libgcc.a(_div_sf.o)
 .data          0x00800060        0x0 c:/winavr-20100110/bin/../lib/gcc/avr/4.3.3/avr5\libgcc.a(_gt_sf.o)
 .data          0x00800060        0x0 c:/winavr-20100110/bin/../lib/gcc/avr/4.3.3/avr5\libgcc.a(_ge_sf.o)
 .data          0x00800060        0x0 c:/winavr-20100110/bin/../lib/gcc/avr/4.3.3/avr5\libgcc.a(_lt_sf.o)
 .data          0x00800060        0x0 c:/winavr-20100110/bin/../lib/gcc/avr/4.3.3/avr5\libgcc.a(_sf_to_si.o)
 .data          0x00800060        0x8 c:/winavr-20100110/bin/../lib/gcc/avr/4.3.3/avr5\libgcc.a(_thenan_sf.o)
                0x00800060                __thenan_sf
 .data          0x00800068        0x0 c:/winavr-20100110/bin/../lib/gcc/avr/4.3.3/avr5\libgcc.a(_usi_to_sf.o)
 .data          0x00800068        0x0 c:/winavr-20100110/bin/../lib/gcc/avr/4.3.3/avr5\libgcc.a(_prologue.o)
 .data          0x00800068        0x0 c:/winavr-20100110/bin/../lib/gcc/avr/4.3.3/avr5\libgcc.a(_epilogue.o)
 .data          0x00800068        0x0 c:/winavr-20100110/bin/../lib/gcc/avr/4.3.3/avr5\libgcc.a(_clzsi2.o)
 .data          0x00800068        0x0 c:/winavr-20100110/bin/../lib/gcc/avr/4.3.3/avr5\libgcc.a(_pack_sf.o)
 .data          0x00800068        0x0 c:/winavr-20100110/bin/../lib/gcc/avr/4.3.3/avr5\libgcc.a(_unpack_sf.o)
 .data          0x00800068        0x0 c:/winavr-20100110/bin/../lib/gcc/avr/4.3.3/avr5\libgcc.a(_fpcmp_parts_sf.o)
 .data          0x00800068      0x100 c:/winavr-20100110/bin/../lib/gcc/avr/4.3.3/avr5\libgcc.a(_clz.o)
                0x00800068                __clz_tab
 .data          0x00800168        0x0 c:/winavr-20100110/bin/../lib/gcc/avr/4.3.3/../../../../avr/lib/avr5\libc.a(round.o)
 .data          0x00800168        0x0 c:/winavr-20100110/bin/../lib/gcc/avr/4.3.3/../../../../avr/lib/avr5\libc.a(fp_mintl.o)
 .data          0x00800168        0x0 c:/winavr-20100110/bin/../lib/gcc/avr/4.3.3/../../../../avr/lib/avr5\libc.a(fp_mpack.o)
 .data          0x00800168        0x0 c:/winavr-20100110/bin/../lib/gcc/avr/4.3.3/../../../../avr/lib/avr5\libc.a(fp_split3.o)
 .data          0x00800168        0x0 c:/winavr-20100110/bin/../lib/gcc/avr/4.3.3/../../../../avr/lib/avr5\libc.a(fp_zero.o)
 *(.data*)
 .data.EXTI_GroupConfig
                0x00800168        0x6 ./MCAL/EXTI/EXTI_config.o
                0x00800168                EXTI_GroupConfig
 .data.keypadOutput
                0x0080016e       0x10 ./HAL/keypad/keypad_HAL_program.o
 *(.rodata)
 *(.rodata*)
 *(.gnu.linkonce.d*)
                0x0080017e                . = ALIGN (0x2)
                0x0080017e                _edata = .
                0x0080017e                PROVIDE (__data_end, .)

.bss            0x0080017e       0x27
                0x0080017e                PROVIDE (__bss_start, .)
 *(.bss)
 .bss           0x0080017e        0x0 c:/winavr-20100110/bin/../lib/gcc/avr/4.3.3/../../../../avr/lib/avr5/crtm32.o
 .bss           0x0080017e        0x0 ./MCAL/uart/UART_program.o
 .bss           0x0080017e        0x0 ./MCAL/TWI/TWI_program.o
 .bss           0x0080017e        0x0 ./MCAL/TIMER/TIMER_program.o
 .bss           0x0080017e        0x0 ./MCAL/SPI/SPI_program.o
 .bss           0x0080017e        0x0 ./MCAL/GIE/GIE_program.o
 .bss           0x0080017e        0x0 ./MCAL/EXTI/EXTI_config.o
 .bss           0x0080017e        0x0 ./MCAL/EXTI/EXTI_program.o
 .bss           0x0080017e        0x0 ./MCAL/DIO/DIO_program.o
 .bss           0x0080017e        0x0 ./MCAL/ADC/ADC_program.o
 .bss           0x0080017e        0x0 ./HAL/ultraSonic/ultraSonic_program.o
 .bss           0x0080017e        0x0 ./HAL/keypad/keypad_HAL_program.o
 .bss           0x0080017e        0x0 ./HAL/LED/LED_Program.o
 .bss           0x0080017e        0x0 ./HAL/LCD/LCD_HAL_program.o
 .bss           0x0080017e        0x0 ./HAL/EEPROM/EEPROM_program.o
 .bss           0x0080017e        0x0 ./HAL/BUZZER/BUZZER_Program.o
 .bss           0x0080017e        0x0 ./main.o
 .bss           0x0080017e        0x0 c:/winavr-20100110/bin/../lib/gcc/avr/4.3.3/avr5\libgcc.a(_mulsi3.o)
 .bss           0x0080017e        0x0 c:/winavr-20100110/bin/../lib/gcc/avr/4.3.3/avr5\libgcc.a(_udivmodhi4.o)
 .bss           0x0080017e        0x0 c:/winavr-20100110/bin/../lib/gcc/avr/4.3.3/avr5\libgcc.a(_udivmodsi4.o)
 .bss           0x0080017e        0x0 c:/winavr-20100110/bin/../lib/gcc/avr/4.3.3/avr5\libgcc.a(_divmodsi4.o)
 .bss           0x0080017e        0x0 c:/winavr-20100110/bin/../lib/gcc/avr/4.3.3/avr5\libgcc.a(_exit.o)
 .bss           0x0080017e        0x0 c:/winavr-20100110/bin/../lib/gcc/avr/4.3.3/avr5\libgcc.a(_copy_data.o)
 .bss           0x0080017e        0x0 c:/winavr-20100110/bin/../lib/gcc/avr/4.3.3/avr5\libgcc.a(_clear_bss.o)
 .bss           0x0080017e        0x0 c:/winavr-20100110/bin/../lib/gcc/avr/4.3.3/avr5\libgcc.a(_fixunssfsi.o)
 .bss           0x0080017e        0x0 c:/winavr-20100110/bin/../lib/gcc/avr/4.3.3/avr5\libgcc.a(_addsub_sf.o)
 .bss           0x0080017e        0x0 c:/winavr-20100110/bin/../lib/gcc/avr/4.3.3/avr5\libgcc.a(_mul_sf.o)
 .bss           0x0080017e        0x0 c:/winavr-20100110/bin/../lib/gcc/avr/4.3.3/avr5\libgcc.a(_div_sf.o)
 .bss           0x0080017e        0x0 c:/winavr-20100110/bin/../lib/gcc/avr/4.3.3/avr5\libgcc.a(_gt_sf.o)
 .bss           0x0080017e        0x0 c:/winavr-20100110/bin/../lib/gcc/avr/4.3.3/avr5\libgcc.a(_ge_sf.o)
 .bss           0x0080017e        0x0 c:/winavr-20100110/bin/../lib/gcc/avr/4.3.3/avr5\libgcc.a(_lt_sf.o)
 .bss           0x0080017e        0x0 c:/winavr-20100110/bin/../lib/gcc/avr/4.3.3/avr5\libgcc.a(_sf_to_si.o)
 .bss           0x0080017e        0x0 c:/winavr-20100110/bin/../lib/gcc/avr/4.3.3/avr5\libgcc.a(_thenan_sf.o)
 .bss           0x0080017e        0x0 c:/winavr-20100110/bin/../lib/gcc/avr/4.3.3/avr5\libgcc.a(_usi_to_sf.o)
 .bss           0x0080017e        0x0 c:/winavr-20100110/bin/../lib/gcc/avr/4.3.3/avr5\libgcc.a(_prologue.o)
 .bss           0x0080017e        0x0 c:/winavr-20100110/bin/../lib/gcc/avr/4.3.3/avr5\libgcc.a(_epilogue.o)
 .bss           0x0080017e        0x0 c:/winavr-20100110/bin/../lib/gcc/avr/4.3.3/avr5\libgcc.a(_clzsi2.o)
 .bss           0x0080017e        0x0 c:/winavr-20100110/bin/../lib/gcc/avr/4.3.3/avr5\libgcc.a(_pack_sf.o)
 .bss           0x0080017e        0x0 c:/winavr-20100110/bin/../lib/gcc/avr/4.3.3/avr5\libgcc.a(_unpack_sf.o)
 .bss           0x0080017e        0x0 c:/winavr-20100110/bin/../lib/gcc/avr/4.3.3/avr5\libgcc.a(_fpcmp_parts_sf.o)
 .bss           0x0080017e        0x0 c:/winavr-20100110/bin/../lib/gcc/avr/4.3.3/avr5\libgcc.a(_clz.o)
 .bss           0x0080017e        0x0 c:/winavr-20100110/bin/../lib/gcc/avr/4.3.3/../../../../avr/lib/avr5\libc.a(round.o)
 .bss           0x0080017e        0x0 c:/winavr-20100110/bin/../lib/gcc/avr/4.3.3/../../../../avr/lib/avr5\libc.a(fp_mintl.o)
 .bss           0x0080017e        0x0 c:/winavr-20100110/bin/../lib/gcc/avr/4.3.3/../../../../avr/lib/avr5\libc.a(fp_mpack.o)
 .bss           0x0080017e        0x0 c:/winavr-20100110/bin/../lib/gcc/avr/4.3.3/../../../../avr/lib/avr5\libc.a(fp_split3.o)
 .bss           0x0080017e        0x0 c:/winavr-20100110/bin/../lib/gcc/avr/4.3.3/../../../../avr/lib/avr5\libc.a(fp_zero.o)
 *(.bss*)
 .bss.TIMER0_CURRENT_NTICKS
                0x0080017e        0x4 ./MCAL/TIMER/TIMER_program.o
 .bss.TIMER1_CURRENT_NTICKS
                0x00800182        0x4 ./MCAL/TIMER/TIMER_program.o
 .bss.TIMER2_CURRENT_NTICKS
                0x00800186        0x4 ./MCAL/TIMER/TIMER_program.o
 .bss.TIMERS_ISR_Functions
                0x0080018a        0x6 ./MCAL/TIMER/TIMER_program.o
 .bss.TIMER0_TARGET_NTICKS
                0x00800190        0x4 ./MCAL/TIMER/TIMER_program.o
 .bss.TIMER1_TARGET_NTICKS
                0x00800194        0x4 ./MCAL/TIMER/TIMER_program.o
 .bss.TIMER2_TARGET_NTICKS
                0x00800198        0x4 ./MCAL/TIMER/TIMER_program.o
 .bss.EXTI_pfunISRFun
                0x0080019c        0x6 ./MCAL/EXTI/EXTI_program.o
 .bss.ADC_CallBackFunction
                0x008001a2        0x2 ./MCAL/ADC/ADC_program.o
 .bss.Global_u8FourBitInitFlag
                0x008001a4        0x1 ./HAL/LCD/LCD_HAL_program.o
 *(COMMON)
                0x008001a5                PROVIDE (__bss_end, .)
                0x00004e64                __data_load_start = LOADADDR (.data)
                0x00004f82                __data_load_end = (__data_load_start + SIZEOF (.data))

.noinit         0x008001a5        0x0
                0x008001a5                PROVIDE (__noinit_start, .)
 *(.noinit*)
                0x008001a5                PROVIDE (__noinit_end, .)
                0x008001a5                _end = .
                0x008001a5                PROVIDE (__heap_start, .)

.eeprom         0x00810000        0x0
 *(.eeprom*)
                0x00810000                __eeprom_end = .

.fuse
 *(.fuse)
 *(.lfuse)
 *(.hfuse)
 *(.efuse)

.lock
 *(.lock*)

.signature
 *(.signature*)

.stab           0x00000000     0x65b8
 *(.stab)
 .stab          0x00000000      0x600 ./MCAL/uart/UART_program.o
 .stab          0x00000600      0x8d0 ./MCAL/TWI/TWI_program.o
                                0x90c (size before relaxing)
 .stab          0x00000ed0      0xedc ./MCAL/TIMER/TIMER_program.o
                               0x1074 (size before relaxing)
 .stab          0x00001dac      0x57c ./MCAL/SPI/SPI_program.o
                                0x5b8 (size before relaxing)
 .stab          0x00002328      0x2c4 ./MCAL/GIE/GIE_program.o
                                0x300 (size before relaxing)
 .stab          0x000025ec      0x108 ./MCAL/EXTI/EXTI_config.o
                                0x114 (size before relaxing)
 .stab          0x000026f4      0x8e8 ./MCAL/EXTI/EXTI_program.o
                                0xad4 (size before relaxing)
 .stab          0x00002fdc      0x954 ./MCAL/DIO/DIO_program.o
                                0x990 (size before relaxing)
 .stab          0x00003930      0x528 ./MCAL/ADC/ADC_program.o
                                0x6fc (size before relaxing)
 .stab          0x00003e58      0x4b0 ./HAL/ultraSonic/ultraSonic_program.o
                                0x654 (size before relaxing)
 .stab          0x00004308      0x57c ./HAL/keypad/keypad_HAL_program.o
                                0x5b8 (size before relaxing)
 .stab          0x00004884       0xd8 ./HAL/LED/LED_Program.o
                                 0xe4 (size before relaxing)
 .stab          0x0000495c     0x10c8 ./HAL/LCD/LCD_HAL_program.o
                               0x1110 (size before relaxing)
 .stab          0x00005a24      0x774 ./HAL/EEPROM/EEPROM_program.o
                                0x918 (size before relaxing)
 .stab          0x00006198      0x2d0 ./HAL/BUZZER/BUZZER_Program.o
                                0x30c (size before relaxing)
 .stab          0x00006468      0x150 ./main.o
                                0x240 (size before relaxing)

.stabstr        0x00000000     0x335c
 *(.stabstr)
 .stabstr       0x00000000     0x335c ./MCAL/uart/UART_program.o

.stab.excl
 *(.stab.excl)

.stab.exclstr
 *(.stab.exclstr)

.stab.index
 *(.stab.index)

.stab.indexstr
 *(.stab.indexstr)

.comment
 *(.comment)

.debug
 *(.debug)

.line
 *(.line)

.debug_srcinfo
 *(.debug_srcinfo)

.debug_sfnames
 *(.debug_sfnames)

.debug_aranges  0x00000000      0x1a0
 *(.debug_aranges)
 .debug_aranges
                0x00000000       0x20 c:/winavr-20100110/bin/../lib/gcc/avr/4.3.3/avr5\libgcc.a(_fixunssfsi.o)
 .debug_aranges
                0x00000020       0x20 c:/winavr-20100110/bin/../lib/gcc/avr/4.3.3/avr5\libgcc.a(_addsub_sf.o)
 .debug_aranges
                0x00000040       0x20 c:/winavr-20100110/bin/../lib/gcc/avr/4.3.3/avr5\libgcc.a(_mul_sf.o)
 .debug_aranges
                0x00000060       0x20 c:/winavr-20100110/bin/../lib/gcc/avr/4.3.3/avr5\libgcc.a(_div_sf.o)
 .debug_aranges
                0x00000080       0x20 c:/winavr-20100110/bin/../lib/gcc/avr/4.3.3/avr5\libgcc.a(_gt_sf.o)
 .debug_aranges
                0x000000a0       0x20 c:/winavr-20100110/bin/../lib/gcc/avr/4.3.3/avr5\libgcc.a(_ge_sf.o)
 .debug_aranges
                0x000000c0       0x20 c:/winavr-20100110/bin/../lib/gcc/avr/4.3.3/avr5\libgcc.a(_lt_sf.o)
 .debug_aranges
                0x000000e0       0x20 c:/winavr-20100110/bin/../lib/gcc/avr/4.3.3/avr5\libgcc.a(_sf_to_si.o)
 .debug_aranges
                0x00000100       0x20 c:/winavr-20100110/bin/../lib/gcc/avr/4.3.3/avr5\libgcc.a(_usi_to_sf.o)
 .debug_aranges
                0x00000120       0x20 c:/winavr-20100110/bin/../lib/gcc/avr/4.3.3/avr5\libgcc.a(_clzsi2.o)
 .debug_aranges
                0x00000140       0x20 c:/winavr-20100110/bin/../lib/gcc/avr/4.3.3/avr5\libgcc.a(_pack_sf.o)
 .debug_aranges
                0x00000160       0x20 c:/winavr-20100110/bin/../lib/gcc/avr/4.3.3/avr5\libgcc.a(_unpack_sf.o)
 .debug_aranges
                0x00000180       0x20 c:/winavr-20100110/bin/../lib/gcc/avr/4.3.3/avr5\libgcc.a(_fpcmp_parts_sf.o)

.debug_pubnames
                0x00000000      0x1f2
 *(.debug_pubnames)
 .debug_pubnames
                0x00000000       0x23 c:/winavr-20100110/bin/../lib/gcc/avr/4.3.3/avr5\libgcc.a(_fixunssfsi.o)
 .debug_pubnames
                0x00000023       0x2c c:/winavr-20100110/bin/../lib/gcc/avr/4.3.3/avr5\libgcc.a(_addsub_sf.o)
 .debug_pubnames
                0x0000004f       0x1f c:/winavr-20100110/bin/../lib/gcc/avr/4.3.3/avr5\libgcc.a(_mul_sf.o)
 .debug_pubnames
                0x0000006e       0x1f c:/winavr-20100110/bin/../lib/gcc/avr/4.3.3/avr5\libgcc.a(_div_sf.o)
 .debug_pubnames
                0x0000008d       0x1e c:/winavr-20100110/bin/../lib/gcc/avr/4.3.3/avr5\libgcc.a(_gt_sf.o)
 .debug_pubnames
                0x000000ab       0x1e c:/winavr-20100110/bin/../lib/gcc/avr/4.3.3/avr5\libgcc.a(_ge_sf.o)
 .debug_pubnames
                0x000000c9       0x1e c:/winavr-20100110/bin/../lib/gcc/avr/4.3.3/avr5\libgcc.a(_lt_sf.o)
 .debug_pubnames
                0x000000e7       0x20 c:/winavr-20100110/bin/../lib/gcc/avr/4.3.3/avr5\libgcc.a(_sf_to_si.o)
 .debug_pubnames
                0x00000107       0x22 c:/winavr-20100110/bin/../lib/gcc/avr/4.3.3/avr5\libgcc.a(_thenan_sf.o)
 .debug_pubnames
                0x00000129       0x24 c:/winavr-20100110/bin/../lib/gcc/avr/4.3.3/avr5\libgcc.a(_usi_to_sf.o)
 .debug_pubnames
                0x0000014d       0x1f c:/winavr-20100110/bin/../lib/gcc/avr/4.3.3/avr5\libgcc.a(_clzsi2.o)
 .debug_pubnames
                0x0000016c       0x1f c:/winavr-20100110/bin/../lib/gcc/avr/4.3.3/avr5\libgcc.a(_pack_sf.o)
 .debug_pubnames
                0x0000018b       0x21 c:/winavr-20100110/bin/../lib/gcc/avr/4.3.3/avr5\libgcc.a(_unpack_sf.o)
 .debug_pubnames
                0x000001ac       0x26 c:/winavr-20100110/bin/../lib/gcc/avr/4.3.3/avr5\libgcc.a(_fpcmp_parts_sf.o)
 .debug_pubnames
                0x000001d2       0x20 c:/winavr-20100110/bin/../lib/gcc/avr/4.3.3/avr5\libgcc.a(_clz.o)

.debug_info     0x00000000     0x240b
 *(.debug_info)
 .debug_info    0x00000000       0xb1 c:/winavr-20100110/bin/../lib/gcc/avr/4.3.3/avr5\libgcc.a(_fixunssfsi.o)
 .debug_info    0x000000b1      0x47a c:/winavr-20100110/bin/../lib/gcc/avr/4.3.3/avr5\libgcc.a(_addsub_sf.o)
 .debug_info    0x0000052b      0x485 c:/winavr-20100110/bin/../lib/gcc/avr/4.3.3/avr5\libgcc.a(_mul_sf.o)
 .debug_info    0x000009b0      0x3fc c:/winavr-20100110/bin/../lib/gcc/avr/4.3.3/avr5\libgcc.a(_div_sf.o)
 .debug_info    0x00000dac      0x27f c:/winavr-20100110/bin/../lib/gcc/avr/4.3.3/avr5\libgcc.a(_gt_sf.o)
 .debug_info    0x0000102b      0x27f c:/winavr-20100110/bin/../lib/gcc/avr/4.3.3/avr5\libgcc.a(_ge_sf.o)
 .debug_info    0x000012aa      0x27f c:/winavr-20100110/bin/../lib/gcc/avr/4.3.3/avr5\libgcc.a(_lt_sf.o)
 .debug_info    0x00001529      0x2b0 c:/winavr-20100110/bin/../lib/gcc/avr/4.3.3/avr5\libgcc.a(_sf_to_si.o)
 .debug_info    0x000017d9      0x12c c:/winavr-20100110/bin/../lib/gcc/avr/4.3.3/avr5\libgcc.a(_thenan_sf.o)
 .debug_info    0x00001905      0x206 c:/winavr-20100110/bin/../lib/gcc/avr/4.3.3/avr5\libgcc.a(_usi_to_sf.o)
 .debug_info    0x00001b0b      0x117 c:/winavr-20100110/bin/../lib/gcc/avr/4.3.3/avr5\libgcc.a(_clzsi2.o)
 .debug_info    0x00001c22      0x2df c:/winavr-20100110/bin/../lib/gcc/avr/4.3.3/avr5\libgcc.a(_pack_sf.o)
 .debug_info    0x00001f01      0x251 c:/winavr-20100110/bin/../lib/gcc/avr/4.3.3/avr5\libgcc.a(_unpack_sf.o)
 .debug_info    0x00002152      0x210 c:/winavr-20100110/bin/../lib/gcc/avr/4.3.3/avr5\libgcc.a(_fpcmp_parts_sf.o)
 .debug_info    0x00002362       0xa9 c:/winavr-20100110/bin/../lib/gcc/avr/4.3.3/avr5\libgcc.a(_clz.o)
 *(.gnu.linkonce.wi.*)

.debug_abbrev   0x00000000     0x1386
 *(.debug_abbrev)
 .debug_abbrev  0x00000000       0x5d c:/winavr-20100110/bin/../lib/gcc/avr/4.3.3/avr5\libgcc.a(_fixunssfsi.o)
 .debug_abbrev  0x0000005d      0x1ea c:/winavr-20100110/bin/../lib/gcc/avr/4.3.3/avr5\libgcc.a(_addsub_sf.o)
 .debug_abbrev  0x00000247      0x21b c:/winavr-20100110/bin/../lib/gcc/avr/4.3.3/avr5\libgcc.a(_mul_sf.o)
 .debug_abbrev  0x00000462      0x216 c:/winavr-20100110/bin/../lib/gcc/avr/4.3.3/avr5\libgcc.a(_div_sf.o)
 .debug_abbrev  0x00000678      0x15a c:/winavr-20100110/bin/../lib/gcc/avr/4.3.3/avr5\libgcc.a(_gt_sf.o)
 .debug_abbrev  0x000007d2      0x15a c:/winavr-20100110/bin/../lib/gcc/avr/4.3.3/avr5\libgcc.a(_ge_sf.o)
 .debug_abbrev  0x0000092c      0x15a c:/winavr-20100110/bin/../lib/gcc/avr/4.3.3/avr5\libgcc.a(_lt_sf.o)
 .debug_abbrev  0x00000a86      0x17f c:/winavr-20100110/bin/../lib/gcc/avr/4.3.3/avr5\libgcc.a(_sf_to_si.o)
 .debug_abbrev  0x00000c05       0xad c:/winavr-20100110/bin/../lib/gcc/avr/4.3.3/avr5\libgcc.a(_thenan_sf.o)
 .debug_abbrev  0x00000cb2      0x157 c:/winavr-20100110/bin/../lib/gcc/avr/4.3.3/avr5\libgcc.a(_usi_to_sf.o)
 .debug_abbrev  0x00000e09       0xc4 c:/winavr-20100110/bin/../lib/gcc/avr/4.3.3/avr5\libgcc.a(_clzsi2.o)
 .debug_abbrev  0x00000ecd      0x1c0 c:/winavr-20100110/bin/../lib/gcc/avr/4.3.3/avr5\libgcc.a(_pack_sf.o)
 .debug_abbrev  0x0000108d      0x154 c:/winavr-20100110/bin/../lib/gcc/avr/4.3.3/avr5\libgcc.a(_unpack_sf.o)
 .debug_abbrev  0x000011e1      0x13b c:/winavr-20100110/bin/../lib/gcc/avr/4.3.3/avr5\libgcc.a(_fpcmp_parts_sf.o)
 .debug_abbrev  0x0000131c       0x6a c:/winavr-20100110/bin/../lib/gcc/avr/4.3.3/avr5\libgcc.a(_clz.o)

.debug_line     0x00000000     0x11d6
 *(.debug_line)
 .debug_line    0x00000000       0xa7 c:/winavr-20100110/bin/../lib/gcc/avr/4.3.3/avr5\libgcc.a(_fixunssfsi.o)
 .debug_line    0x000000a7      0x2af c:/winavr-20100110/bin/../lib/gcc/avr/4.3.3/avr5\libgcc.a(_addsub_sf.o)
 .debug_line    0x00000356      0x239 c:/winavr-20100110/bin/../lib/gcc/avr/4.3.3/avr5\libgcc.a(_mul_sf.o)
 .debug_line    0x0000058f      0x1d5 c:/winavr-20100110/bin/../lib/gcc/avr/4.3.3/avr5\libgcc.a(_div_sf.o)
 .debug_line    0x00000764       0xd3 c:/winavr-20100110/bin/../lib/gcc/avr/4.3.3/avr5\libgcc.a(_gt_sf.o)
 .debug_line    0x00000837       0xd3 c:/winavr-20100110/bin/../lib/gcc/avr/4.3.3/avr5\libgcc.a(_ge_sf.o)
 .debug_line    0x0000090a       0xd3 c:/winavr-20100110/bin/../lib/gcc/avr/4.3.3/avr5\libgcc.a(_lt_sf.o)
 .debug_line    0x000009dd      0x109 c:/winavr-20100110/bin/../lib/gcc/avr/4.3.3/avr5\libgcc.a(_sf_to_si.o)
 .debug_line    0x00000ae6       0x90 c:/winavr-20100110/bin/../lib/gcc/avr/4.3.3/avr5\libgcc.a(_thenan_sf.o)
 .debug_line    0x00000b76      0x133 c:/winavr-20100110/bin/../lib/gcc/avr/4.3.3/avr5\libgcc.a(_usi_to_sf.o)
 .debug_line    0x00000ca9       0xa5 c:/winavr-20100110/bin/../lib/gcc/avr/4.3.3/avr5\libgcc.a(_clzsi2.o)
 .debug_line    0x00000d4e      0x18a c:/winavr-20100110/bin/../lib/gcc/avr/4.3.3/avr5\libgcc.a(_pack_sf.o)
 .debug_line    0x00000ed8      0x14b c:/winavr-20100110/bin/../lib/gcc/avr/4.3.3/avr5\libgcc.a(_unpack_sf.o)
 .debug_line    0x00001023      0x137 c:/winavr-20100110/bin/../lib/gcc/avr/4.3.3/avr5\libgcc.a(_fpcmp_parts_sf.o)
 .debug_line    0x0000115a       0x7c c:/winavr-20100110/bin/../lib/gcc/avr/4.3.3/avr5\libgcc.a(_clz.o)

.debug_frame    0x00000000      0x1c0
 *(.debug_frame)
 .debug_frame   0x00000000       0x20 c:/winavr-20100110/bin/../lib/gcc/avr/4.3.3/avr5\libgcc.a(_fixunssfsi.o)
 .debug_frame   0x00000020       0x40 c:/winavr-20100110/bin/../lib/gcc/avr/4.3.3/avr5\libgcc.a(_addsub_sf.o)
 .debug_frame   0x00000060       0x20 c:/winavr-20100110/bin/../lib/gcc/avr/4.3.3/avr5\libgcc.a(_mul_sf.o)
 .debug_frame   0x00000080       0x20 c:/winavr-20100110/bin/../lib/gcc/avr/4.3.3/avr5\libgcc.a(_div_sf.o)
 .debug_frame   0x000000a0       0x20 c:/winavr-20100110/bin/../lib/gcc/avr/4.3.3/avr5\libgcc.a(_gt_sf.o)
 .debug_frame   0x000000c0       0x20 c:/winavr-20100110/bin/../lib/gcc/avr/4.3.3/avr5\libgcc.a(_ge_sf.o)
 .debug_frame   0x000000e0       0x20 c:/winavr-20100110/bin/../lib/gcc/avr/4.3.3/avr5\libgcc.a(_lt_sf.o)
 .debug_frame   0x00000100       0x20 c:/winavr-20100110/bin/../lib/gcc/avr/4.3.3/avr5\libgcc.a(_sf_to_si.o)
 .debug_frame   0x00000120       0x20 c:/winavr-20100110/bin/../lib/gcc/avr/4.3.3/avr5\libgcc.a(_usi_to_sf.o)
 .debug_frame   0x00000140       0x20 c:/winavr-20100110/bin/../lib/gcc/avr/4.3.3/avr5\libgcc.a(_clzsi2.o)
 .debug_frame   0x00000160       0x20 c:/winavr-20100110/bin/../lib/gcc/avr/4.3.3/avr5\libgcc.a(_pack_sf.o)
 .debug_frame   0x00000180       0x20 c:/winavr-20100110/bin/../lib/gcc/avr/4.3.3/avr5\libgcc.a(_unpack_sf.o)
 .debug_frame   0x000001a0       0x20 c:/winavr-20100110/bin/../lib/gcc/avr/4.3.3/avr5\libgcc.a(_fpcmp_parts_sf.o)

.debug_str      0x00000000      0x2f6
 *(.debug_str)
 .debug_str     0x00000000       0xbf c:/winavr-20100110/bin/../lib/gcc/avr/4.3.3/avr5\libgcc.a(_fixunssfsi.o)
                                 0xfe (size before relaxing)
 .debug_str     0x000000bf      0x14d c:/winavr-20100110/bin/../lib/gcc/avr/4.3.3/avr5\libgcc.a(_addsub_sf.o)
                                0x206 (size before relaxing)
 .debug_str     0x0000020c       0x27 c:/winavr-20100110/bin/../lib/gcc/avr/4.3.3/avr5\libgcc.a(_mul_sf.o)
                                0x1bf (size before relaxing)
 .debug_str     0x00000233       0x35 c:/winavr-20100110/bin/../lib/gcc/avr/4.3.3/avr5\libgcc.a(_div_sf.o)
                                0x1c8 (size before relaxing)
 .debug_str     0x00000268        0x8 c:/winavr-20100110/bin/../lib/gcc/avr/4.3.3/avr5\libgcc.a(_gt_sf.o)
                                0x195 (size before relaxing)
 .debug_str     0x00000270        0x8 c:/winavr-20100110/bin/../lib/gcc/avr/4.3.3/avr5\libgcc.a(_ge_sf.o)
                                0x195 (size before relaxing)
 .debug_str     0x00000278        0x8 c:/winavr-20100110/bin/../lib/gcc/avr/4.3.3/avr5\libgcc.a(_lt_sf.o)
                                0x195 (size before relaxing)
 .debug_str     0x00000280        0xa c:/winavr-20100110/bin/../lib/gcc/avr/4.3.3/avr5\libgcc.a(_sf_to_si.o)
                                0x19e (size before relaxing)
 .debug_str     0x00000000      0x103 c:/winavr-20100110/bin/../lib/gcc/avr/4.3.3/avr5\libgcc.a(_thenan_sf.o)
 .debug_str     0x0000028a       0x21 c:/winavr-20100110/bin/../lib/gcc/avr/4.3.3/avr5\libgcc.a(_usi_to_sf.o)
                                0x177 (size before relaxing)
 .debug_str     0x000002ab       0x20 c:/winavr-20100110/bin/../lib/gcc/avr/4.3.3/avr5\libgcc.a(_clzsi2.o)
                                0x111 (size before relaxing)
 .debug_str     0x000002cb       0x10 c:/winavr-20100110/bin/../lib/gcc/avr/4.3.3/avr5\libgcc.a(_pack_sf.o)
                                0x19d (size before relaxing)
 .debug_str     0x000002db        0xb c:/winavr-20100110/bin/../lib/gcc/avr/4.3.3/avr5\libgcc.a(_unpack_sf.o)
                                0x17f (size before relaxing)
 .debug_str     0x000002e6       0x10 c:/winavr-20100110/bin/../lib/gcc/avr/4.3.3/avr5\libgcc.a(_fpcmp_parts_sf.o)
                                0x163 (size before relaxing)
 .debug_str     0x00000000       0xf4 c:/winavr-20100110/bin/../lib/gcc/avr/4.3.3/avr5\libgcc.a(_clz.o)

.debug_loc      0x00000000      0x96e
 *(.debug_loc)
 .debug_loc     0x00000000       0x34 c:/winavr-20100110/bin/../lib/gcc/avr/4.3.3/avr5\libgcc.a(_fixunssfsi.o)
 .debug_loc     0x00000034      0x32a c:/winavr-20100110/bin/../lib/gcc/avr/4.3.3/avr5\libgcc.a(_addsub_sf.o)
 .debug_loc     0x0000035e      0x104 c:/winavr-20100110/bin/../lib/gcc/avr/4.3.3/avr5\libgcc.a(_mul_sf.o)
 .debug_loc     0x00000462       0xc0 c:/winavr-20100110/bin/../lib/gcc/avr/4.3.3/avr5\libgcc.a(_div_sf.o)
 .debug_loc     0x00000522       0x3c c:/winavr-20100110/bin/../lib/gcc/avr/4.3.3/avr5\libgcc.a(_gt_sf.o)
 .debug_loc     0x0000055e       0x3c c:/winavr-20100110/bin/../lib/gcc/avr/4.3.3/avr5\libgcc.a(_ge_sf.o)
 .debug_loc     0x0000059a       0x3c c:/winavr-20100110/bin/../lib/gcc/avr/4.3.3/avr5\libgcc.a(_lt_sf.o)
 .debug_loc     0x000005d6       0x7e c:/winavr-20100110/bin/../lib/gcc/avr/4.3.3/avr5\libgcc.a(_sf_to_si.o)
 .debug_loc     0x00000654       0x4c c:/winavr-20100110/bin/../lib/gcc/avr/4.3.3/avr5\libgcc.a(_usi_to_sf.o)
 .debug_loc     0x000006a0       0x94 c:/winavr-20100110/bin/../lib/gcc/avr/4.3.3/avr5\libgcc.a(_clzsi2.o)
 .debug_loc     0x00000734      0x13e c:/winavr-20100110/bin/../lib/gcc/avr/4.3.3/avr5\libgcc.a(_pack_sf.o)
 .debug_loc     0x00000872       0xac c:/winavr-20100110/bin/../lib/gcc/avr/4.3.3/avr5\libgcc.a(_unpack_sf.o)
 .debug_loc     0x0000091e       0x50 c:/winavr-20100110/bin/../lib/gcc/avr/4.3.3/avr5\libgcc.a(_fpcmp_parts_sf.o)

.debug_macinfo
 *(.debug_macinfo)
OUTPUT(Avr32_Drivers.elf elf32-avr)
LOAD linker stubs

.debug_ranges   0x00000000       0x50
 .debug_ranges  0x00000000       0x50 c:/winavr-20100110/bin/../lib/gcc/avr/4.3.3/avr5\libgcc.a(_mul_sf.o)
